Archive member included to satisfy reference by file (symbol)

C:/NXP/S32DS.3.5/S32DS/software/AMMCLIB_v1.1.31/S32K14x_AMMCLIB_v1.1.31/lib/s32ds_arm32\S32K14x_AMMCLIB.a(GDFLIB_FilterMA_c.o)
                              ./src/main.o (GDFLIB_FilterMAInit_FLT)
C:/NXP/S32DS.3.5/S32DS/software/AMMCLIB_v1.1.31/S32K14x_AMMCLIB_v1.1.31/lib/s32ds_arm32\S32K14x_AMMCLIB.a(GFLIB_ControllerPIpAW_c.o)
                              ./src/main.o (GFLIB_ControllerPIpAW_FLT)
C:/NXP/S32DS.3.5/S32DS/software/AMMCLIB_v1.1.31/S32K14x_AMMCLIB_v1.1.31/lib/s32ds_arm32\S32K14x_AMMCLIB.a(GFLIB_Ramp_c.o)
                              ./src/main.o (GFLIB_Ramp_FLT)
c:/nxp/s32ds.3.5/s32ds/build_tools/gcc_b1620/gcc-6.3-arm32-eabi/bin/../lib/gcc/arm-none-eabi/6.3.1/thumb/v7e-m/fpv4-sp/hard\libgcc.a(_aeabi_uldivmod.o)
                              ./SDK/platform/drivers/src/lpit/lpit_driver.o (__aeabi_uldivmod)
c:/nxp/s32ds.3.5/s32ds/build_tools/gcc_b1620/gcc-6.3-arm32-eabi/bin/../lib/gcc/arm-none-eabi/6.3.1/thumb/v7e-m/fpv4-sp/hard\libgcc.a(_udivmoddi4.o)
                              c:/nxp/s32ds.3.5/s32ds/build_tools/gcc_b1620/gcc-6.3-arm32-eabi/bin/../lib/gcc/arm-none-eabi/6.3.1/thumb/v7e-m/fpv4-sp/hard\libgcc.a(_aeabi_uldivmod.o) (__udivmoddi4)
c:/nxp/s32ds.3.5/s32ds/build_tools/gcc_b1620/gcc-6.3-arm32-eabi/bin/../lib/gcc/arm-none-eabi/6.3.1/thumb/v7e-m/fpv4-sp/hard\libgcc.a(_dvmd_tls.o)
                              c:/nxp/s32ds.3.5/s32ds/build_tools/gcc_b1620/gcc-6.3-arm32-eabi/bin/../lib/gcc/arm-none-eabi/6.3.1/thumb/v7e-m/fpv4-sp/hard\libgcc.a(_aeabi_uldivmod.o) (__aeabi_ldiv0)
C:/NXP/S32DS.3.5/S32DS/build_tools/gcc_b1620/gcc-6.3-arm32-eabi/arm-none-eabi/newlib/lib/thumb/v7e-m/fpv4-sp/hard\libc_nano.a(lib_a-exit.o)
                              C:/NXP/S32DS.3.5/S32DS/build_tools/gcc_b1620/gcc-6.3-arm32-eabi/arm-none-eabi/newlib/lib/thumb/v7e-m/fpv4-sp/hard/crt0.o (exit)
C:/NXP/S32DS.3.5/S32DS/build_tools/gcc_b1620/gcc-6.3-arm32-eabi/arm-none-eabi/newlib/lib/thumb/v7e-m/fpv4-sp/hard\libc_nano.a(lib_a-impure.o)
                              C:/NXP/S32DS.3.5/S32DS/build_tools/gcc_b1620/gcc-6.3-arm32-eabi/arm-none-eabi/newlib/lib/thumb/v7e-m/fpv4-sp/hard\libc_nano.a(lib_a-exit.o) (_global_impure_ptr)
C:/NXP/S32DS.3.5/S32DS/build_tools/gcc_b1620/gcc-6.3-arm32-eabi/arm-none-eabi/newlib/lib/thumb/v7e-m/fpv4-sp/hard\libc_nano.a(lib_a-init.o)
                              C:/NXP/S32DS.3.5/S32DS/build_tools/gcc_b1620/gcc-6.3-arm32-eabi/arm-none-eabi/newlib/lib/thumb/v7e-m/fpv4-sp/hard/crt0.o (__libc_init_array)
C:/NXP/S32DS.3.5/S32DS/build_tools/gcc_b1620/gcc-6.3-arm32-eabi/arm-none-eabi/newlib/lib/thumb/v7e-m/fpv4-sp/hard\libc_nano.a(lib_a-memset.o)
                              C:/NXP/S32DS.3.5/S32DS/build_tools/gcc_b1620/gcc-6.3-arm32-eabi/arm-none-eabi/newlib/lib/thumb/v7e-m/fpv4-sp/hard/crt0.o (memset)
C:/NXP/S32DS.3.5/S32DS/build_tools/gcc_b1620/gcc-6.3-arm32-eabi/arm-none-eabi/newlib/lib/thumb/v7e-m/fpv4-sp/hard\libnosys.a(_exit.o)
                              C:/NXP/S32DS.3.5/S32DS/build_tools/gcc_b1620/gcc-6.3-arm32-eabi/arm-none-eabi/newlib/lib/thumb/v7e-m/fpv4-sp/hard\libc_nano.a(lib_a-exit.o) (_exit)

Discarded input sections

 .text          0x00000000        0x0 c:/nxp/s32ds.3.5/s32ds/build_tools/gcc_b1620/gcc-6.3-arm32-eabi/bin/../lib/gcc/arm-none-eabi/6.3.1/thumb/v7e-m/fpv4-sp/hard/crti.o
 .data          0x00000000        0x0 c:/nxp/s32ds.3.5/s32ds/build_tools/gcc_b1620/gcc-6.3-arm32-eabi/bin/../lib/gcc/arm-none-eabi/6.3.1/thumb/v7e-m/fpv4-sp/hard/crti.o
 .bss           0x00000000        0x0 c:/nxp/s32ds.3.5/s32ds/build_tools/gcc_b1620/gcc-6.3-arm32-eabi/bin/../lib/gcc/arm-none-eabi/6.3.1/thumb/v7e-m/fpv4-sp/hard/crti.o
 .text          0x00000000       0xa4 c:/nxp/s32ds.3.5/s32ds/build_tools/gcc_b1620/gcc-6.3-arm32-eabi/bin/../lib/gcc/arm-none-eabi/6.3.1/thumb/v7e-m/fpv4-sp/hard/crtbegin.o
 .data          0x00000000        0x4 c:/nxp/s32ds.3.5/s32ds/build_tools/gcc_b1620/gcc-6.3-arm32-eabi/bin/../lib/gcc/arm-none-eabi/6.3.1/thumb/v7e-m/fpv4-sp/hard/crtbegin.o
 .bss           0x00000000       0x1c c:/nxp/s32ds.3.5/s32ds/build_tools/gcc_b1620/gcc-6.3-arm32-eabi/bin/../lib/gcc/arm-none-eabi/6.3.1/thumb/v7e-m/fpv4-sp/hard/crtbegin.o
 .init_array    0x00000000        0x4 c:/nxp/s32ds.3.5/s32ds/build_tools/gcc_b1620/gcc-6.3-arm32-eabi/bin/../lib/gcc/arm-none-eabi/6.3.1/thumb/v7e-m/fpv4-sp/hard/crtbegin.o
 .fini_array    0x00000000        0x4 c:/nxp/s32ds.3.5/s32ds/build_tools/gcc_b1620/gcc-6.3-arm32-eabi/bin/../lib/gcc/arm-none-eabi/6.3.1/thumb/v7e-m/fpv4-sp/hard/crtbegin.o
 .eh_frame      0x00000000        0x0 c:/nxp/s32ds.3.5/s32ds/build_tools/gcc_b1620/gcc-6.3-arm32-eabi/bin/../lib/gcc/arm-none-eabi/6.3.1/thumb/v7e-m/fpv4-sp/hard/crtbegin.o
 .jcr           0x00000000        0x0 c:/nxp/s32ds.3.5/s32ds/build_tools/gcc_b1620/gcc-6.3-arm32-eabi/bin/../lib/gcc/arm-none-eabi/6.3.1/thumb/v7e-m/fpv4-sp/hard/crtbegin.o
 .tm_clone_table
[...]
Memory Configuration

Name             Origin             Length             Attributes
m_interrupts     0x00000000         0x00000400         xr
m_flash_config   0x00000400         0x00000010         xr
m_text           0x00000410         0x0007fbf0         xr
m_data           0x1fff8000         0x00008000         rw
m_data_2         0x20000000         0x00007000         rw
*default*        0x00000000         0xffffffff

Linker script and memory map

LOAD c:/nxp/s32ds.3.5/s32ds/build_tools/gcc_b1620/gcc-6.3-arm32-eabi/bin/../lib/gcc/arm-none-eabi/6.3.1/thumb/v7e-m/fpv4-sp/hard/crti.o
LOAD c:/nxp/s32ds.3.5/s32ds/build_tools/gcc_b1620/gcc-6.3-arm32-eabi/bin/../lib/gcc/arm-none-eabi/6.3.1/thumb/v7e-m/fpv4-sp/hard/crtbegin.o
LOAD C:/NXP/S32DS.3.5/S32DS/build_tools/gcc_b1620/gcc-6.3-arm32-eabi/arm-none-eabi/newlib/lib/thumb/v7e-m/fpv4-sp/hard/crt0.o
LOAD ./FreeMaster_S32K144_2.0.0/src_common/freemaster_appcmd.o
LOAD ./FreeMaster_S32K144_2.0.0/src_common/freemaster_bdm.o
LOAD ./FreeMaster_S32K144_2.0.0/src_common/freemaster_can.o
LOAD ./FreeMaster_S32K144_2.0.0/src_common/freemaster_lin.o
LOAD ./FreeMaster_S32K144_2.0.0/src_common/freemaster_pipes.o
LOAD ./FreeMaster_S32K144_2.0.0/src_common/freemaster_protocol.o
LOAD ./FreeMaster_S32K144_2.0.0/src_common/freemaster_rec.o
LOAD ./FreeMaster_S32K144_2.0.0/src_common/freemaster_scope.o
LOAD ./FreeMaster_S32K144_2.0.0/src_common/freemaster_serial.o
LOAD ./FreeMaster_S32K144_2.0.0/src_common/freemaster_sfio.o
LOAD ./FreeMaster_S32K144_2.0.0/src_common/freemaster_tsa.o
LOAD ./FreeMaster_S32K144_2.0.0/src_platforms/S32xx/freemaster_S32xx.o
LOAD ./Project_Settings/Startup_Code/startup_S32K144.o
LOAD ./SDK/S32K144_SDK_4.0.1/platform/devices/S32K144/startup/system_S32K144.o
LOAD ./SDK/S32K144_SDK_4.0.1/platform/devices/startup.o
LOAD ./SDK/S32K144_SDK_4.0.1/platform/drivers/src/clock/S32K1xx/clock_S32K1xx.o
LOAD ./SDK/S32K144_SDK_4.0.1/platform/drivers/src/interrupt/interrupt_manager.o
LOAD ./SDK/S32K144_SDK_4.0.1/platform/drivers/src/pins/pins_driver.o
LOAD ./SDK/S32K144_SDK_4.0.1/platform/drivers/src/pins/pins_port_hw_access.o
LOAD ./SDK/platform/drivers/src/adc/adc_driver.o
LOAD ./SDK/platform/drivers/src/clock/S32K1xx/clock_S32K1xx.o
LOAD ./SDK/platform/drivers/src/edma/edma_driver.o
LOAD ./SDK/platform/drivers/src/edma/edma_hw_access.o
LOAD ./SDK/platform/drivers/src/edma/edma_irq.o
LOAD ./SDK/platform/drivers/src/ftm/ftm_common.o
LOAD ./SDK/platform/drivers/src/ftm/ftm_hw_access.o
LOAD ./SDK/platform/drivers/src/ftm/ftm_ic_driver.o
LOAD ./SDK/platform/drivers/src/ftm/ftm_mc_driver.o
LOAD ./SDK/platform/drivers/src/ftm/ftm_pwm_driver.o
LOAD ./SDK/platform/drivers/src/interrupt/interrupt_manager.o
LOAD ./SDK/platform/drivers/src/lpit/lpit_driver.o
LOAD ./SDK/platform/drivers/src/lpspi/lpspi_hw_access.o
LOAD ./SDK/platform/drivers/src/lpspi/lpspi_irq.o
LOAD ./SDK/platform/drivers/src/lpspi/lpspi_master_driver.o
LOAD ./SDK/platform/drivers/src/lpspi/lpspi_shared_function.o
LOAD ./SDK/platform/drivers/src/lpspi/lpspi_slave_driver.o
LOAD ./SDK/platform/drivers/src/lpuart/lpuart_driver.o
LOAD ./SDK/platform/drivers/src/lpuart/lpuart_hw_access.o
LOAD ./SDK/platform/drivers/src/lpuart/lpuart_irq.o
LOAD ./SDK/platform/drivers/src/pdb/pdb_driver.o
LOAD ./SDK/platform/drivers/src/pdb/pdb_hw_access.o
LOAD ./SDK/platform/drivers/src/pins/pins_driver.o
LOAD ./SDK/platform/drivers/src/pins/pins_port_hw_access.o
LOAD ./SDK/platform/drivers/src/power/S32K1xx/power_manager_S32K1xx.o
LOAD ./SDK/platform/drivers/src/power/S32K1xx/power_smc_hw_access.o
LOAD ./SDK/platform/drivers/src/power/power_manager.o
LOAD ./SDK/platform/drivers/src/trgmux/trgmux_driver.o
LOAD ./SDK/platform/drivers/src/trgmux/trgmux_hw_access.o
LOAD ./SDK/rtos/osif/osif_baremetal.o
LOAD ./board/clock_config.o
LOAD ./board/peripherals_adConv0.o
LOAD ./board/peripherals_adConv1.o
LOAD ./board/peripherals_dmaController1.o
LOAD ./board/peripherals_flexTimer_ic_1.o
LOAD ./board/peripherals_flexTimer_mc0.o
LOAD ./board/peripherals_flexTimer_pwm3.o
LOAD ./board/peripherals_lpit0.o
LOAD ./board/peripherals_lpspi_1.o
LOAD ./board/peripherals_lpuart1.o
LOAD ./board/peripherals_pdb0.o
LOAD ./board/peripherals_pdb1.o
LOAD ./board/peripherals_trgmux1.o
LOAD ./board/pin_mux.o
LOAD ./board/pwrMan1.o
LOAD ./src/GD3000/aml/spi_aml/spi_aml.o
LOAD ./src/GD3000/aml/wait_aml/wait_aml.o
LOAD ./src/GD3000/gd3000_init.o
LOAD ./src/GD3000/tpp/tpp.o
LOAD ./src/Peripherals/peripherals_config.o
LOAD ./src/actuate_s32k.o
LOAD ./src/hall_sensor.o
LOAD ./src/main.o
LOAD ./src/meas_s32k.o
LOAD ./src/state_machine.o
LOAD C:/NXP/S32DS.3.5/S32DS/software/AMMCLIB_v1.1.31/S32K14x_AMMCLIB_v1.1.31/lib/s32ds_arm32\S32K14x_AMMCLIB.a
START GROUP
LOAD c:/nxp/s32ds.3.5/s32ds/build_tools/gcc_b1620/gcc-6.3-arm32-eabi/bin/../lib/gcc/arm-none-eabi/6.3.1/thumb/v7e-m/fpv4-sp/hard\libgcc.a
LOAD C:/NXP/S32DS.3.5/S32DS/build_tools/gcc_b1620/gcc-6.3-arm32-eabi/arm-none-eabi/newlib/lib/thumb/v7e-m/fpv4-sp/hard\libc_nano.a
END GROUP
START GROUP
LOAD c:/nxp/s32ds.3.5/s32ds/build_tools/gcc_b1620/gcc-6.3-arm32-eabi/bin/../lib/gcc/arm-none-eabi/6.3.1/thumb/v7e-m/fpv4-sp/hard\libgcc.a
LOAD C:/NXP/S32DS.3.5/S32DS/build_tools/gcc_b1620/gcc-6.3-arm32-eabi/arm-none-eabi/newlib/lib/thumb/v7e-m/fpv4-sp/hard\libc_nano.a
LOAD C:/NXP/S32DS.3.5/S32DS/build_tools/gcc_b1620/gcc-6.3-arm32-eabi/arm-none-eabi/newlib/lib/thumb/v7e-m/fpv4-sp/hard\libnosys.a
END GROUP
START GROUP
LOAD c:/nxp/s32ds.3.5/s32ds/build_tools/gcc_b1620/gcc-6.3-arm32-eabi/bin/../lib/gcc/arm-none-eabi/6.3.1/thumb/v7e-m/fpv4-sp/hard\libgcc.a
LOAD C:/NXP/S32DS.3.5/S32DS/build_tools/gcc_b1620/gcc-6.3-arm32-eabi/arm-none-eabi/newlib/lib/thumb/v7e-m/fpv4-sp/hard\libc_nano.a
LOAD C:/NXP/S32DS.3.5/S32DS/build_tools/gcc_b1620/gcc-6.3-arm32-eabi/arm-none-eabi/newlib/lib/thumb/v7e-m/fpv4-sp/hard\libnosys.a
END GROUP
LOAD c:/nxp/s32ds.3.5/s32ds/build_tools/gcc_b1620/gcc-6.3-arm32-eabi/bin/../lib/gcc/arm-none-eabi/6.3.1/thumb/v7e-m/fpv4-sp/hard/crtend.o
LOAD c:/nxp/s32ds.3.5/s32ds/build_tools/gcc_b1620/gcc-6.3-arm32-eabi/bin/../lib/gcc/arm-none-eabi/6.3.1/thumb/v7e-m/fpv4-sp/hard/crtn.o
                0x00000400                HEAP_SIZE = DEFINED (__heap_size__)?__heap_size__:0x400
                0x00000400                STACK_SIZE = DEFINED (__stack_size__)?__stack_size__:0x400
                0x00000400                M_VECTOR_RAM_SIZE = DEFINED (__flash_vector_table__)?0x0:0x400

.interrupts     0x00000000      0x400
                0x00000000                __VECTOR_TABLE = .
                0x00000000                __interrupts_start__ = .
                0x00000000                . = ALIGN (0x4)
 *(.isr_vector)
 .isr_vector    0x00000000      0x400 ./Project_Settings/Startup_Code/startup_S32K144.o
                0x00000000                __isr_vector
                0x00000400                __interrupts_end__ = .
                0x00000400                . = ALIGN (0x4)

.flash_config   0x00000400       0x10
                0x00000400                . = ALIGN (0x4)
 *(.FlashConfig)
 .FlashConfig   0x00000400       0x10 ./Project_Settings/Startup_Code/startup_S32K144.o
                0x00000410                . = ALIGN (0x4)

.text           0x00000410     0x84dc
                0x00000410                . = ALIGN (0x4)
 *(.text)
 .text          0x00000410       0x4c ./Project_Settings/Startup_Code/startup_S32K144.o
                0x00000410                Reset_Handler
                0x00000458                DebugMon_Handler
                0x00000458                Reserved88_IRQHandler
                0x00000458                CAN0_ORed_IRQHandler
                0x00000458                HardFault_Handler
                0x00000458                Reserved86_IRQHandler
                0x00000458                Reserved103_IRQHandler
                0x00000458                FTM2_Ovf_Reload_IRQHandler
                0x00000458                Reserved50_IRQHandler
                0x00000458                FTFC_Fault_IRQHandler
                0x00000458                Reserved114_IRQHandler
                0x00000458                PendSV_Handler
                0x00000458                NMI_Handler
                0x00000458                Reserved89_IRQHandler
                0x00000458                ERM_double_fault_IRQHandler
                0x00000458                Reserved59_IRQHandler
                0x00000458                Reserved99_IRQHandler
                0x00000458                CAN2_ORed_0_15_MB_IRQHandler
                0x00000458                LPIT0_Ch3_IRQHandler
                0x00000458                Reserved92_IRQHandler
                0x00000458                CAN1_Error_IRQHandler
                0x00000458                SWI_IRQHandler
                0x00000458                ADC0_IRQHandler
                0x00000458                UsageFault_Handler
                0x00000458                FTM0_Ovf_Reload_IRQHandler
                0x00000458                DefaultISR
                0x00000458                Reserved58_IRQHandler
                0x00000458                CAN1_ORed_0_15_MB_IRQHandler
                0x00000458                Reserved82_IRQHandler
                0x00000458                CAN0_ORed_16_31_MB_IRQHandler
                0x00000458                LPI2C0_Slave_IRQHandler
                0x00000458                Reserved71_IRQHandler
                0x00000458                PORTD_IRQHandler
                0x00000458                Reserved69_IRQHandler
                0x00000458                PORTB_IRQHandler
                0x00000458                Reserved70_IRQHandler
                0x00000458                Reserved53_IRQHandler
                0x00000458                RTC_IRQHandler
                0x00000458                Reserved54_IRQHandler
                0x00000458                LPUART1_RxTx_IRQHandler
                0x00000458                RTC_Seconds_IRQHandler
                0x00000458                CAN2_ORed_IRQHandler
                0x00000458                Reserved72_IRQHandler
                0x00000458                Reserved110_IRQHandler
                0x00000458                Reserved107_IRQHandler
                0x00000458                Read_Collision_IRQHandler
                0x00000458                CAN2_Error_IRQHandler
                0x00000458                FTFC_IRQHandler
                0x00000458                Reserved105_IRQHandler
                0x00000458                LPIT0_Ch1_IRQHandler
                0x00000458                FTM3_Ovf_Reload_IRQHandler
                0x00000458                LPUART2_RxTx_IRQHandler
                0x00000458                WDOG_EWM_IRQHandler
                0x00000458                MemManage_Handler
                0x00000458                Reserved90_IRQHandler
                0x00000458                Reserved83_IRQHandler
                0x00000458                FTM0_Fault_IRQHandler
                0x00000458                Reserved48_IRQHandler
                0x00000458                SVC_Handler
                0x00000458                ERM_single_fault_IRQHandler
                0x00000458                FTM2_Fault_IRQHandler
                0x00000458                FTM3_Fault_IRQHandler
                0x00000458                RCM_IRQHandler
                0x00000458                Reserved100_IRQHandler
                0x00000458                Reserved91_IRQHandler
                0x00000458                CAN1_ORed_IRQHandler
                0x00000458                SCG_IRQHandler
                0x00000458                Reserved81_IRQHandler
                0x00000458                Reserved46_IRQHandler
                0x00000458                Reserved45_IRQHandler
                0x00000458                CAN0_Error_IRQHandler
                0x00000458                Reserved112_IRQHandler
                0x00000458                LPI2C0_Master_IRQHandler
                0x00000458                FTM1_Fault_IRQHandler
                0x00000458                Reserved106_IRQHandler
                0x00000458                LVD_LVW_IRQHandler
                0x00000458                LPIT0_Ch2_IRQHandler
                0x00000458                PORTA_IRQHandler
                0x00000458                MCM_IRQHandler
                0x00000458                CAN0_ORed_0_15_MB_IRQHandler
                0x00000458                LPUART0_RxTx_IRQHandler
                0x00000458                LPTMR0_IRQHandler
                0x00000458                BusFault_Handler
                0x00000458                Reserved87_IRQHandler
                0x00000458                FTM1_Ovf_Reload_IRQHandler
                0x00000458                Reserved93_IRQHandler
                0x00000458                CAN0_Wake_Up_IRQHandler
                0x00000458                CMP0_IRQHandler
                0x00000458                Reserved52_IRQHandler
                0x00000458                PORTC_IRQHandler
                0x00000458                FLEXIO_IRQHandler
                0x00000458                Reserved113_IRQHandler
 .text          0x0000045c       0x30 c:/nxp/s32ds.3.5/s32ds/build_tools/gcc_b1620/gcc-6.3-arm32-eabi/bin/../lib/gcc/arm-none-eabi/6.3.1/thumb/v7e-m/fpv4-sp/hard\libgcc.a(_aeabi_uldivmod.o)
                0x0000045c                __aeabi_uldivmod
 .text          0x0000048c      0x2e4 c:/nxp/s32ds.3.5/s32ds/build_tools/gcc_b1620/gcc-6.3-arm32-eabi/bin/../lib/gcc/arm-none-eabi/6.3.1/thumb/v7e-m/fpv4-sp/hard\libgcc.a(_udivmoddi4.o)
                0x0000048c                __udivmoddi4
 .text          0x00000770        0x4 c:/nxp/s32ds.3.5/s32ds/build_tools/gcc_b1620/gcc-6.3-arm32-eabi/bin/../lib/gcc/arm-none-eabi/6.3.1/thumb/v7e-m/fpv4-sp/hard\libgcc.a(_dvmd_tls.o)
                0x00000770                __aeabi_idiv0
                0x00000770                __aeabi_ldiv0
 *(.text*)
 .text.FMSTR_FindAppCmdCallIndex
                0x00000774       0x38 ./FreeMaster_S32K144_2.0.0/src_common/freemaster_appcmd.o
 .text.FMSTR_InitAppCmds
                0x000007ac       0x34 ./FreeMaster_S32K144_2.0.0/src_common/freemaster_appcmd.o
                0x000007ac                FMSTR_InitAppCmds
 .text.FMSTR_StoreAppCmd
                0x000007e0       0x64 ./FreeMaster_S32K144_2.0.0/src_common/freemaster_appcmd.o
                0x000007e0                FMSTR_StoreAppCmd
 .text.FMSTR_GetAppCmdStatus
                0x00000844       0x50 ./FreeMaster_S32K144_2.0.0/src_common/freemaster_appcmd.o
                0x00000844                FMSTR_GetAppCmdStatus
 .text.FMSTR_GetAppCmdRespData
                0x00000894       0x50 ./FreeMaster_S32K144_2.0.0/src_common/freemaster_appcmd.o
                0x00000894                FMSTR_GetAppCmdRespData
 .text.FMSTR_PipeGetBytesFree
                0x000008e4       0x20 ./FreeMaster_S32K144_2.0.0/src_common/freemaster_pipes.o
 .text.FMSTR_PipeGetBytesReady
                0x00000904       0x20 ./FreeMaster_S32K144_2.0.0/src_common/freemaster_pipes.o
 .text.FMSTR_InitPipes
                0x00000924       0x14 ./FreeMaster_S32K144_2.0.0/src_common/freemaster_pipes.o
                0x00000924                FMSTR_InitPipes
 .text.FMSTR_PipeFrame
                0x00000938      0x208 ./FreeMaster_S32K144_2.0.0/src_common/freemaster_pipes.o
                0x00000938                FMSTR_PipeFrame
 .text.FMSTR_Init
                0x00000b40       0x1e ./FreeMaster_S32K144_2.0.0/src_common/freemaster_protocol.o
                0x00000b40                FMSTR_Init
 *fill*         0x00000b5e        0x2 
 .text.FMSTR_GetBoardInfo
                0x00000b60       0x50 ./FreeMaster_S32K144_2.0.0/src_common/freemaster_protocol.o
                0x00000b60                FMSTR_GetBoardInfo
 .text.FMSTR_ReadMem
                0x00000bb0       0x32 ./FreeMaster_S32K144_2.0.0/src_common/freemaster_protocol.o
                0x00000bb0                FMSTR_ReadMem
 .text.FMSTR_ReadVar
                0x00000be2       0x24 ./FreeMaster_S32K144_2.0.0/src_common/freemaster_protocol.o
                0x00000be2                FMSTR_ReadVar
 .text.FMSTR_WriteMem
                0x00000c06       0x26 ./FreeMaster_S32K144_2.0.0/src_common/freemaster_protocol.o
                0x00000c06                FMSTR_WriteMem
 .text.FMSTR_WriteMemMask
                0x00000c2c       0x26 ./FreeMaster_S32K144_2.0.0/src_common/freemaster_protocol.o
                0x00000c2c                FMSTR_WriteMemMask
 .text.FMSTR_ProtocolDecoder
                0x00000c52      0x146 ./FreeMaster_S32K144_2.0.0/src_common/freemaster_protocol.o
                0x00000c52                FMSTR_ProtocolDecoder
 .text.FMSTR_Compare8S
                0x00000d98       0x20 ./FreeMaster_S32K144_2.0.0/src_common/freemaster_rec.o
 .text.FMSTR_Compare8U
                0x00000db8       0x1c ./FreeMaster_S32K144_2.0.0/src_common/freemaster_rec.o
 .text.FMSTR_Compare16S
                0x00000dd4       0x20 ./FreeMaster_S32K144_2.0.0/src_common/freemaster_rec.o
 .text.FMSTR_Compare16U
                0x00000df4       0x1c ./FreeMaster_S32K144_2.0.0/src_common/freemaster_rec.o
 .text.FMSTR_Compare32S
                0x00000e10       0x1c ./FreeMaster_S32K144_2.0.0/src_common/freemaster_rec.o
 .text.FMSTR_Compare32U
                0x00000e2c       0x1c ./FreeMaster_S32K144_2.0.0/src_common/freemaster_rec.o
 .text.FMSTR_InitRec
                0x00000e48       0x1c ./FreeMaster_S32K144_2.0.0/src_common/freemaster_rec.o
                0x00000e48                FMSTR_InitRec
 .text.FMSTR_SetUpRec
                0x00000e64      0x1a4 ./FreeMaster_S32K144_2.0.0/src_common/freemaster_rec.o
                0x00000e64                FMSTR_SetUpRec
 .text.FMSTR_TriggerRec
                0x00001008       0x2c ./FreeMaster_S32K144_2.0.0/src_common/freemaster_rec.o
                0x00001008                FMSTR_TriggerRec
 .text.FMSTR_StartRec
                0x00001034       0x6c ./FreeMaster_S32K144_2.0.0/src_common/freemaster_rec.o
                0x00001034                FMSTR_StartRec
 .text.FMSTR_StopRec
                0x000010a0       0x34 ./FreeMaster_S32K144_2.0.0/src_common/freemaster_rec.o
                0x000010a0                FMSTR_StopRec
 .text.FMSTR_GetRecStatus
                0x000010d4       0x28 ./FreeMaster_S32K144_2.0.0/src_common/freemaster_rec.o
                0x000010d4                FMSTR_GetRecStatus
 .text.FMSTR_GetRecBuffSize
                0x000010fc        0x6 ./FreeMaster_S32K144_2.0.0/src_common/freemaster_rec.o
                0x000010fc                FMSTR_GetRecBuffSize
 *fill*         0x00001102        0x2 
 .text.FMSTR_GetRecBuff
                0x00001104       0x58 ./FreeMaster_S32K144_2.0.0/src_common/freemaster_rec.o
                0x00001104                FMSTR_GetRecBuff
 .text.FMSTR_Recorder
                0x0000115c      0x128 ./FreeMaster_S32K144_2.0.0/src_common/freemaster_rec.o
                0x0000115c                FMSTR_Recorder
 .text.FMSTR_InitScope
                0x00001284        0x2 ./FreeMaster_S32K144_2.0.0/src_common/freemaster_scope.o
                0x00001284                FMSTR_InitScope
 *fill*         0x00001286        0x2 
 .text.FMSTR_SetUpScope
                0x00001288       0x80 ./FreeMaster_S32K144_2.0.0/src_common/freemaster_scope.o
                0x00001288                FMSTR_SetUpScope
 .text.FMSTR_ReadScope
                0x00001308       0x40 ./FreeMaster_S32K144_2.0.0/src_common/freemaster_scope.o
                0x00001308                FMSTR_ReadScope
 .text.FMSTR_Listen
                0x00001348       0x48 ./FreeMaster_S32K144_2.0.0/src_common/freemaster_serial.o
 .text.FMSTR_SendResponse
                0x00001390       0xa4 ./FreeMaster_S32K144_2.0.0/src_common/freemaster_serial.o
                0x00001390                FMSTR_SendResponse
 .text.FMSTR_Rx
                0x00001434      0x14c ./FreeMaster_S32K144_2.0.0/src_common/freemaster_serial.o
                0x00001434                FMSTR_Rx
 .text.FMSTR_InitSerial
                0x00001580       0x34 ./FreeMaster_S32K144_2.0.0/src_common/freemaster_serial.o
                0x00001580                FMSTR_InitSerial
 .text.FMSTR_Poll
                0x000015b4       0x5c ./FreeMaster_S32K144_2.0.0/src_common/freemaster_serial.o
                0x000015b4                FMSTR_Poll
 .text.FMSTR_CopyMemory
                0x00001610       0x1e ./FreeMaster_S32K144_2.0.0/src_platforms/S32xx/freemaster_S32xx.o
                0x00001610                FMSTR_CopyMemory
 .text.FMSTR_CopyToBuffer
                0x0000162e       0x20 ./FreeMaster_S32K144_2.0.0/src_platforms/S32xx/freemaster_S32xx.o
                0x0000162e                FMSTR_CopyToBuffer
 .text.FMSTR_CopyFromBuffer
                0x0000164e       0x26 ./FreeMaster_S32K144_2.0.0/src_platforms/S32xx/freemaster_S32xx.o
                0x0000164e                FMSTR_CopyFromBuffer
 .text.FMSTR_ValueFromBuffer16
                0x00001674        0xa ./FreeMaster_S32K144_2.0.0/src_platforms/S32xx/freemaster_S32xx.o
                0x00001674                FMSTR_ValueFromBuffer16
 .text.FMSTR_ValueFromBuffer32
                0x0000167e        0xa ./FreeMaster_S32K144_2.0.0/src_platforms/S32xx/freemaster_S32xx.o
                0x0000167e                FMSTR_ValueFromBuffer32
 .text.FMSTR_ValueToBuffer16
                0x00001688       0x18 ./FreeMaster_S32K144_2.0.0/src_platforms/S32xx/freemaster_S32xx.o
                0x00001688                FMSTR_ValueToBuffer16
 .text.FMSTR_CopyFromBufferWithMask
                0x000016a0       0x2c ./FreeMaster_S32K144_2.0.0/src_platforms/S32xx/freemaster_S32xx.o
                0x000016a0                FMSTR_CopyFromBufferWithMask
 .text.FMSTR_SetExAddr
                0x000016cc        0xc ./FreeMaster_S32K144_2.0.0/src_platforms/S32xx/freemaster_S32xx.o
                0x000016cc                FMSTR_SetExAddr
 .text.FMSTR_AddressToBuffer
                0x000016d8       0x2c ./FreeMaster_S32K144_2.0.0/src_platforms/S32xx/freemaster_S32xx.o
                0x000016d8                FMSTR_AddressToBuffer
 .text.FMSTR_AddressFromBuffer
                0x00001704       0x1c ./FreeMaster_S32K144_2.0.0/src_platforms/S32xx/freemaster_S32xx.o
                0x00001704                FMSTR_AddressFromBuffer
 .text.SystemInit
                0x00001720       0x3c ./SDK/S32K144_SDK_4.0.1/platform/devices/S32K144/startup/system_S32K144.o
                0x00001720                SystemInit
 .text.init_data_bss
                0x0000175c       0xd8 ./SDK/S32K144_SDK_4.0.1/platform/devices/startup.o
                0x0000175c                init_data_bss
 .text.CLOCK_SYS_GetCurrentRunMode
                0x00001834       0x24 ./SDK/S32K144_SDK_4.0.1/platform/drivers/src/clock/S32K1xx/clock_S32K1xx.o
 .text.CLOCK_SYS_GetSysOscFreq
                0x00001858       0x1c ./SDK/S32K144_SDK_4.0.1/platform/drivers/src/clock/S32K1xx/clock_S32K1xx.o
 .text.CLOCK_SYS_ConfigureSOSC
                0x00001874      0x12c ./SDK/S32K144_SDK_4.0.1/platform/drivers/src/clock/S32K1xx/clock_S32K1xx.o
 .text.CLOCK_SYS_GetSircFreq
                0x000019a0       0x2c ./SDK/S32K144_SDK_4.0.1/platform/drivers/src/clock/S32K1xx/clock_S32K1xx.o
 .text.CLOCK_SYS_ConfigureSIRC
                0x000019cc       0xc4 ./SDK/S32K144_SDK_4.0.1/platform/drivers/src/clock/S32K1xx/clock_S32K1xx.o
 .text.CLOCK_SYS_GetFircFreq
                0x00001a90       0x20 ./SDK/S32K144_SDK_4.0.1/platform/drivers/src/clock/S32K1xx/clock_S32K1xx.o
 .text.CLOCK_SYS_ConfigureFIRC
                0x00001ab0       0xb4 ./SDK/S32K144_SDK_4.0.1/platform/drivers/src/clock/S32K1xx/clock_S32K1xx.o
 .text.CLOCK_SYS_GetSysPllFreq
                0x00001b64       0x44 ./SDK/S32K144_SDK_4.0.1/platform/drivers/src/clock/S32K1xx/clock_S32K1xx.o
 .text.CLOCK_SYS_ConfigureSPLL
                0x00001ba8      0x104 ./SDK/S32K144_SDK_4.0.1/platform/drivers/src/clock/S32K1xx/clock_S32K1xx.o
 .text.CLOCK_SYS_SetSystemClockConfig
                0x00001cac      0x1e4 ./SDK/S32K144_SDK_4.0.1/platform/drivers/src/clock/S32K1xx/clock_S32K1xx.o
 .text.CLOCK_SYS_TransitionSystemClock
                0x00001e90       0x3c ./SDK/S32K144_SDK_4.0.1/platform/drivers/src/clock/S32K1xx/clock_S32K1xx.o
 .text.CLOCK_SYS_GetSystemClockFreq
                0x00001ecc       0x78 ./SDK/S32K144_SDK_4.0.1/platform/drivers/src/clock/S32K1xx/clock_S32K1xx.o
 .text.CLOCK_SYS_GetScgClkOutFreq
                0x00001f44       0x48 ./SDK/S32K144_SDK_4.0.1/platform/drivers/src/clock/S32K1xx/clock_S32K1xx.o
 .text.CLOCK_SYS_GetSysAsyncFreq
                0x00001f8c       0xdc ./SDK/S32K144_SDK_4.0.1/platform/drivers/src/clock/S32K1xx/clock_S32K1xx.o
 .text.CLOCK_SYS_GetSimRtcClkFreq
                0x00002068       0x50 ./SDK/S32K144_SDK_4.0.1/platform/drivers/src/clock/S32K1xx/clock_S32K1xx.o
 .text.CLOCK_SYS_GetLpoFreq
                0x000020b8       0x4c ./SDK/S32K144_SDK_4.0.1/platform/drivers/src/clock/S32K1xx/clock_S32K1xx.o
 .text.CLOCK_SYS_GetSimClkOutFreq
                0x00002104       0xac ./SDK/S32K144_SDK_4.0.1/platform/drivers/src/clock/S32K1xx/clock_S32K1xx.o
 .text.CLOCK_SYS_GetSimClockFreq
                0x000021b0      0x1a8 ./SDK/S32K144_SDK_4.0.1/platform/drivers/src/clock/S32K1xx/clock_S32K1xx.o
 .text.CLOCK_SYS_GetPeripheralClock
                0x00002358       0xcc ./SDK/S32K144_SDK_4.0.1/platform/drivers/src/clock/S32K1xx/clock_S32K1xx.o
 .text.CLOCK_DRV_Init
                0x00002424      0x618 ./SDK/S32K144_SDK_4.0.1/platform/drivers/src/clock/S32K1xx/clock_S32K1xx.o
                0x00002424                CLOCK_DRV_Init
 .text.CLOCK_DRV_GetFreq
                0x00002a3c      0x230 ./SDK/S32K144_SDK_4.0.1/platform/drivers/src/clock/S32K1xx/clock_S32K1xx.o
                0x00002a3c                CLOCK_DRV_GetFreq
 .text.CLOCK_DRV_SetSystemClock
                0x00002c6c      0x120 ./SDK/S32K144_SDK_4.0.1/platform/drivers/src/clock/S32K1xx/clock_S32K1xx.o
                0x00002c6c                CLOCK_DRV_SetSystemClock
 .text.CLOCK_DRV_GetSystemClockSource
                0x00002d8c       0x5c ./SDK/S32K144_SDK_4.0.1/platform/drivers/src/clock/S32K1xx/clock_S32K1xx.o
                0x00002d8c                CLOCK_DRV_GetSystemClockSource
 .text.CLOCK_SYS_Init
                0x00002de8       0x1c ./SDK/S32K144_SDK_4.0.1/platform/drivers/src/clock/S32K1xx/clock_S32K1xx.o
                0x00002de8                CLOCK_SYS_Init
 .text.CLOCK_SYS_UpdateConfiguration
                0x00002e04       0xe8 ./SDK/S32K144_SDK_4.0.1/platform/drivers/src/clock/S32K1xx/clock_S32K1xx.o
                0x00002e04                CLOCK_SYS_UpdateConfiguration
 .text.CLOCK_SYS_GetFreq
                0x00002eec        0x8 ./SDK/S32K144_SDK_4.0.1/platform/drivers/src/clock/S32K1xx/clock_S32K1xx.o
                0x00002eec                CLOCK_SYS_GetFreq
 .text.INT_SYS_InstallHandler
                0x00002ef4       0x40 ./SDK/S32K144_SDK_4.0.1/platform/drivers/src/interrupt/interrupt_manager.o
                0x00002ef4                INT_SYS_InstallHandler
 .text.INT_SYS_EnableIRQ
                0x00002f34       0x18 ./SDK/S32K144_SDK_4.0.1/platform/drivers/src/interrupt/interrupt_manager.o
                0x00002f34                INT_SYS_EnableIRQ
 .text.INT_SYS_DisableIRQ
                0x00002f4c       0x1c ./SDK/S32K144_SDK_4.0.1/platform/drivers/src/interrupt/interrupt_manager.o
                0x00002f4c                INT_SYS_DisableIRQ
 .text.INT_SYS_EnableIRQGlobal
                0x00002f68       0x1c ./SDK/S32K144_SDK_4.0.1/platform/drivers/src/interrupt/interrupt_manager.o
                0x00002f68                INT_SYS_EnableIRQGlobal
 .text.INT_SYS_DisableIRQGlobal
                0x00002f84       0x10 ./SDK/S32K144_SDK_4.0.1/platform/drivers/src/interrupt/interrupt_manager.o
                0x00002f84                INT_SYS_DisableIRQGlobal
 .text.INT_SYS_SetPriority
                0x00002f94       0x58 ./SDK/S32K144_SDK_4.0.1/platform/drivers/src/interrupt/interrupt_manager.o
                0x00002f94                INT_SYS_SetPriority
 .text.PINS_DRV_Init
                0x00002fec       0x20 ./SDK/S32K144_SDK_4.0.1/platform/drivers/src/pins/pins_driver.o
                0x00002fec                PINS_DRV_Init
 .text.PINS_DRV_SetPinIntSel
                0x0000300c       0x16 ./SDK/S32K144_SDK_4.0.1/platform/drivers/src/pins/pins_driver.o
                0x0000300c                PINS_DRV_SetPinIntSel
 .text.PINS_DRV_GetPinIntSel
                0x00003022        0xa ./SDK/S32K144_SDK_4.0.1/platform/drivers/src/pins/pins_driver.o
                0x00003022                PINS_DRV_GetPinIntSel
 .text.PINS_DRV_ClearPinIntFlagCmd
                0x0000302c        0xe ./SDK/S32K144_SDK_4.0.1/platform/drivers/src/pins/pins_driver.o
                0x0000302c                PINS_DRV_ClearPinIntFlagCmd
 .text.PINS_DRV_GetPinsDirection
                0x0000303a        0x4 ./SDK/S32K144_SDK_4.0.1/platform/drivers/src/pins/pins_driver.o
                0x0000303a                PINS_DRV_GetPinsDirection
 .text.PINS_DRV_SetPinsDirection
                0x0000303e        0x4 ./SDK/S32K144_SDK_4.0.1/platform/drivers/src/pins/pins_driver.o
                0x0000303e                PINS_DRV_SetPinsDirection
 .text.PINS_DRV_SetPins
                0x00003042        0x4 ./SDK/S32K144_SDK_4.0.1/platform/drivers/src/pins/pins_driver.o
                0x00003042                PINS_DRV_SetPins
 .text.PINS_DRV_ClearPins
                0x00003046        0x4 ./SDK/S32K144_SDK_4.0.1/platform/drivers/src/pins/pins_driver.o
                0x00003046                PINS_DRV_ClearPins
 .text.PINS_DRV_TogglePins
                0x0000304a        0x4 ./SDK/S32K144_SDK_4.0.1/platform/drivers/src/pins/pins_driver.o
                0x0000304a                PINS_DRV_TogglePins
 .text.PINS_DRV_ReadPins
                0x0000304e        0x4 ./SDK/S32K144_SDK_4.0.1/platform/drivers/src/pins/pins_driver.o
                0x0000304e                PINS_DRV_ReadPins
 *fill*         0x00003052        0x2 
 .text.PINS_GetAdcInterleaveVal
                0x00003054       0x6c ./SDK/S32K144_SDK_4.0.1/platform/drivers/src/pins/pins_port_hw_access.o
 .text.PINS_Init
                0x000030c0      0x114 ./SDK/S32K144_SDK_4.0.1/platform/drivers/src/pins/pins_port_hw_access.o
                0x000030c0                PINS_Init
 .text.ADC_DRV_ConfigConverter
                0x000031d4      0x188 ./SDK/platform/drivers/src/adc/adc_driver.o
                0x000031d4                ADC_DRV_ConfigConverter
 .text.ADC_DRV_ConfigChan
                0x0000335c       0x58 ./SDK/platform/drivers/src/adc/adc_driver.o
                0x0000335c                ADC_DRV_ConfigChan
 .text.ADC_DRV_GetChanResult
                0x000033b4       0x18 ./SDK/platform/drivers/src/adc/adc_driver.o
                0x000033b4                ADC_DRV_GetChanResult
 .text.EDMA_DRV_InstallCallback
                0x000033cc       0x20 ./SDK/platform/drivers/src/edma/edma_driver.o
                0x000033cc                EDMA_DRV_InstallCallback
 .text.EDMA_DRV_IRQHandler
                0x000033ec       0x2c ./SDK/platform/drivers/src/edma/edma_driver.o
                0x000033ec                EDMA_DRV_IRQHandler
 .text.EDMA_DRV_ErrorIRQHandler
                0x00003418       0x3c ./SDK/platform/drivers/src/edma/edma_driver.o
                0x00003418                EDMA_DRV_ErrorIRQHandler
 .text.EDMA_DRV_ConfigSingleBlockTransfer
                0x00003454      0x154 ./SDK/platform/drivers/src/edma/edma_driver.o
                0x00003454                EDMA_DRV_ConfigSingleBlockTransfer
 .text.EDMA_DRV_ConfigMultiBlockTransfer
                0x000035a8       0x64 ./SDK/platform/drivers/src/edma/edma_driver.o
                0x000035a8                EDMA_DRV_ConfigMultiBlockTransfer
 .text.EDMA_DRV_StartChannel
                0x0000360c       0x18 ./SDK/platform/drivers/src/edma/edma_driver.o
                0x0000360c                EDMA_DRV_StartChannel
 .text.EDMA_DRV_StopChannel
                0x00003624       0x18 ./SDK/platform/drivers/src/edma/edma_driver.o
                0x00003624                EDMA_DRV_StopChannel
 .text.EDMA_DRV_GetDmaRegBaseAddr
                0x0000363c        0x8 ./SDK/platform/drivers/src/edma/edma_driver.o
                0x0000363c                EDMA_DRV_GetDmaRegBaseAddr
 .text.EDMA_SetDmaRequestCmd
                0x00003644        0xa ./SDK/platform/drivers/src/edma/edma_hw_access.o
                0x00003644                EDMA_SetDmaRequestCmd
 .text.EDMA_TCDClearReg
                0x0000364e       0x4a ./SDK/platform/drivers/src/edma/edma_hw_access.o
                0x0000364e                EDMA_TCDClearReg
 .text.EDMA_TCDSetAttribute
                0x00003698       0x30 ./SDK/platform/drivers/src/edma/edma_hw_access.o
                0x00003698                EDMA_TCDSetAttribute
 .text.EDMA_TCDSetNbytes
                0x000036c8       0x5c ./SDK/platform/drivers/src/edma/edma_hw_access.o
                0x000036c8                EDMA_TCDSetNbytes
 .text.EDMA_TCDSetMajorCount
                0x00003724       0x5e ./SDK/platform/drivers/src/edma/edma_hw_access.o
                0x00003724                EDMA_TCDSetMajorCount
 .text.DMA0_IRQHandler
                0x00003782        0xa ./SDK/platform/drivers/src/edma/edma_irq.o
                0x00003782                DMA0_IRQHandler
 .text.DMA1_IRQHandler
                0x0000378c        0xa ./SDK/platform/drivers/src/edma/edma_irq.o
                0x0000378c                DMA1_IRQHandler
 .text.DMA2_IRQHandler
                0x00003796        0xa ./SDK/platform/drivers/src/edma/edma_irq.o
                0x00003796                DMA2_IRQHandler
 .text.DMA3_IRQHandler
                0x000037a0        0xa ./SDK/platform/drivers/src/edma/edma_irq.o
                0x000037a0                DMA3_IRQHandler
 .text.DMA4_IRQHandler
                0x000037aa        0xa ./SDK/platform/drivers/src/edma/edma_irq.o
                0x000037aa                DMA4_IRQHandler
 .text.DMA5_IRQHandler
                0x000037b4        0xa ./SDK/platform/drivers/src/edma/edma_irq.o
                0x000037b4                DMA5_IRQHandler
 .text.DMA6_IRQHandler
                0x000037be        0xa ./SDK/platform/drivers/src/edma/edma_irq.o
                0x000037be                DMA6_IRQHandler
 .text.DMA7_IRQHandler
                0x000037c8        0xa ./SDK/platform/drivers/src/edma/edma_irq.o
                0x000037c8                DMA7_IRQHandler
 .text.DMA8_IRQHandler
                0x000037d2        0xa ./SDK/platform/drivers/src/edma/edma_irq.o
                0x000037d2                DMA8_IRQHandler
 .text.DMA9_IRQHandler
                0x000037dc        0xa ./SDK/platform/drivers/src/edma/edma_irq.o
                0x000037dc                DMA9_IRQHandler
 .text.DMA10_IRQHandler
                0x000037e6        0xa ./SDK/platform/drivers/src/edma/edma_irq.o
                0x000037e6                DMA10_IRQHandler
 .text.DMA11_IRQHandler
                0x000037f0        0xa ./SDK/platform/drivers/src/edma/edma_irq.o
                0x000037f0                DMA11_IRQHandler
 .text.DMA12_IRQHandler
                0x000037fa        0xa ./SDK/platform/drivers/src/edma/edma_irq.o
                0x000037fa                DMA12_IRQHandler
 .text.DMA13_IRQHandler
                0x00003804        0xa ./SDK/platform/drivers/src/edma/edma_irq.o
                0x00003804                DMA13_IRQHandler
 .text.DMA14_IRQHandler
                0x0000380e        0xa ./SDK/platform/drivers/src/edma/edma_irq.o
                0x0000380e                DMA14_IRQHandler
 .text.DMA15_IRQHandler
                0x00003818        0xa ./SDK/platform/drivers/src/edma/edma_irq.o
                0x00003818                DMA15_IRQHandler
 .text.DMA_Error_IRQHandler
                0x00003822       0x28 ./SDK/platform/drivers/src/edma/edma_irq.o
                0x00003822                DMA_Error_IRQHandler
 *fill*         0x0000384a        0x2 
 .text.FTM_DRV_MaskOutputChannels
                0x0000384c       0x20 ./SDK/platform/drivers/src/ftm/ftm_common.o
                0x0000384c                FTM_DRV_MaskOutputChannels
 .text.FTM_DRV_SetSync
                0x0000386c      0x1bc ./SDK/platform/drivers/src/ftm/ftm_common.o
                0x0000386c                FTM_DRV_SetSync
 .text.FTM_DRV_GetFrequency
                0x00003a28       0x64 ./SDK/platform/drivers/src/ftm/ftm_common.o
                0x00003a28                FTM_DRV_GetFrequency
 .text.FTM_DRV_Init
                0x00003a8c       0xe0 ./SDK/platform/drivers/src/ftm/ftm_common.o
                0x00003a8c                FTM_DRV_Init
 .text.FTM_DRV_ConvertFreqToPeriodTicks
                0x00003b6c       0x14 ./SDK/platform/drivers/src/ftm/ftm_common.o
                0x00003b6c                FTM_DRV_ConvertFreqToPeriodTicks
 .text.FTM_DRV_InitModule
                0x00003b80       0x18 ./SDK/platform/drivers/src/ftm/ftm_hw_access.o
                0x00003b80                FTM_DRV_InitModule
 .text.FTM_DRV_Reset
                0x00003b98       0x66 ./SDK/platform/drivers/src/ftm/ftm_hw_access.o
                0x00003b98                FTM_DRV_Reset
 .text.FTM_DRV_SetChnTriggerCmd
                0x00003bfe       0x32 ./SDK/platform/drivers/src/ftm/ftm_hw_access.o
                0x00003bfe                FTM_DRV_SetChnTriggerCmd
 .text.FTM_DRV_SetChnInputCaptureFilter
                0x00003c30       0x52 ./SDK/platform/drivers/src/ftm/ftm_hw_access.o
                0x00003c30                FTM_DRV_SetChnInputCaptureFilter
 *fill*         0x00003c82        0x2 
 .text.FTM_DRV_IrqHandler
                0x00003c84       0xb8 ./SDK/platform/drivers/src/ftm/ftm_ic_driver.o
 .text.FTM_DRV_InitInputCapture
                0x00003d3c      0x2ec ./SDK/platform/drivers/src/ftm/ftm_ic_driver.o
                0x00003d3c                FTM_DRV_InitInputCapture
 .text.FTM_DRV_GetInputCaptureMeasurement
                0x00004028       0x18 ./SDK/platform/drivers/src/ftm/ftm_ic_driver.o
                0x00004028                FTM_DRV_GetInputCaptureMeasurement
 .text.FTM0_Ch0_Ch1_IRQHandler
                0x00004040        0xc ./SDK/platform/drivers/src/ftm/ftm_ic_driver.o
                0x00004040                FTM0_Ch0_Ch1_IRQHandler
 .text.FTM0_Ch2_Ch3_IRQHandler
                0x0000404c        0xc ./SDK/platform/drivers/src/ftm/ftm_ic_driver.o
                0x0000404c                FTM0_Ch2_Ch3_IRQHandler
 .text.FTM0_Ch4_Ch5_IRQHandler
                0x00004058        0xc ./SDK/platform/drivers/src/ftm/ftm_ic_driver.o
                0x00004058                FTM0_Ch4_Ch5_IRQHandler
 .text.FTM0_Ch6_Ch7_IRQHandler
                0x00004064        0xc ./SDK/platform/drivers/src/ftm/ftm_ic_driver.o
                0x00004064                FTM0_Ch6_Ch7_IRQHandler
 .text.FTM1_Ch0_Ch1_IRQHandler
                0x00004070        0xc ./SDK/platform/drivers/src/ftm/ftm_ic_driver.o
                0x00004070                FTM1_Ch0_Ch1_IRQHandler
 .text.FTM1_Ch2_Ch3_IRQHandler
                0x0000407c        0xc ./SDK/platform/drivers/src/ftm/ftm_ic_driver.o
                0x0000407c                FTM1_Ch2_Ch3_IRQHandler
 .text.FTM1_Ch4_Ch5_IRQHandler
                0x00004088        0xc ./SDK/platform/drivers/src/ftm/ftm_ic_driver.o
                0x00004088                FTM1_Ch4_Ch5_IRQHandler
 .text.FTM1_Ch6_Ch7_IRQHandler
                0x00004094        0xc ./SDK/platform/drivers/src/ftm/ftm_ic_driver.o
                0x00004094                FTM1_Ch6_Ch7_IRQHandler
 .text.FTM2_Ch0_Ch1_IRQHandler
                0x000040a0        0xc ./SDK/platform/drivers/src/ftm/ftm_ic_driver.o
                0x000040a0                FTM2_Ch0_Ch1_IRQHandler
 .text.FTM2_Ch2_Ch3_IRQHandler
                0x000040ac        0xc ./SDK/platform/drivers/src/ftm/ftm_ic_driver.o
                0x000040ac                FTM2_Ch2_Ch3_IRQHandler
 .text.FTM2_Ch4_Ch5_IRQHandler
                0x000040b8        0xc ./SDK/platform/drivers/src/ftm/ftm_ic_driver.o
                0x000040b8                FTM2_Ch4_Ch5_IRQHandler
 .text.FTM2_Ch6_Ch7_IRQHandler
                0x000040c4        0xc ./SDK/platform/drivers/src/ftm/ftm_ic_driver.o
                0x000040c4                FTM2_Ch6_Ch7_IRQHandler
 .text.FTM3_Ch0_Ch1_IRQHandler
                0x000040d0        0xc ./SDK/platform/drivers/src/ftm/ftm_ic_driver.o
                0x000040d0                FTM3_Ch0_Ch1_IRQHandler
 .text.FTM3_Ch2_Ch3_IRQHandler
                0x000040dc        0xc ./SDK/platform/drivers/src/ftm/ftm_ic_driver.o
                0x000040dc                FTM3_Ch2_Ch3_IRQHandler
 .text.FTM3_Ch4_Ch5_IRQHandler
                0x000040e8        0xc ./SDK/platform/drivers/src/ftm/ftm_ic_driver.o
                0x000040e8                FTM3_Ch4_Ch5_IRQHandler
 .text.FTM3_Ch6_Ch7_IRQHandler
                0x000040f4        0xc ./SDK/platform/drivers/src/ftm/ftm_ic_driver.o
                0x000040f4                FTM3_Ch6_Ch7_IRQHandler
 .text.FTM_DRV_UpdatePwmChannel
                0x00004100      0x10c ./SDK/platform/drivers/src/ftm/ftm_pwm_driver.o
                0x00004100                FTM_DRV_UpdatePwmChannel
 .text.FTM_DRV_InitPwm
                0x0000420c      0x638 ./SDK/platform/drivers/src/ftm/ftm_pwm_driver.o
                0x0000420c                FTM_DRV_InitPwm
 .text.FTM_DRV_FastUpdatePwmChannels
                0x00004844       0x40 ./SDK/platform/drivers/src/ftm/ftm_pwm_driver.o
                0x00004844                FTM_DRV_FastUpdatePwmChannels
 .text.LPIT_DRV_Init
                0x00004884       0xac ./SDK/platform/drivers/src/lpit/lpit_driver.o
                0x00004884                LPIT_DRV_Init
 .text.LPIT_DRV_StartTimerChannels
                0x00004930       0x10 ./SDK/platform/drivers/src/lpit/lpit_driver.o
                0x00004930                LPIT_DRV_StartTimerChannels
 .text.LPIT_DRV_SetTimerPeriodByUs
                0x00004940       0xac ./SDK/platform/drivers/src/lpit/lpit_driver.o
                0x00004940                LPIT_DRV_SetTimerPeriodByUs
 .text.LPIT_DRV_InitChannel
                0x000049ec      0x188 ./SDK/platform/drivers/src/lpit/lpit_driver.o
                0x000049ec                LPIT_DRV_InitChannel
 .text.LPIT_DRV_ClearInterruptFlagTimerChannels
                0x00004b74        0xc ./SDK/platform/drivers/src/lpit/lpit_driver.o
                0x00004b74                LPIT_DRV_ClearInterruptFlagTimerChannels
 .text.LPSPI_Init
                0x00004b80        0xa ./SDK/platform/drivers/src/lpspi/lpspi_hw_access.o
                0x00004b80                LPSPI_Init
 .text.LPSPI_Disable
                0x00004b8a       0x18 ./SDK/platform/drivers/src/lpspi/lpspi_hw_access.o
                0x00004b8a                LPSPI_Disable
 .text.LPSPI_SetMasterSlaveMode
                0x00004ba2        0xe ./SDK/platform/drivers/src/lpspi/lpspi_hw_access.o
                0x00004ba2                LPSPI_SetMasterSlaveMode
 .text.LPSPI_SetFlushFifoCmd
                0x00004bb0        0xe ./SDK/platform/drivers/src/lpspi/lpspi_hw_access.o
                0x00004bb0                LPSPI_SetFlushFifoCmd
 .text.LPSPI_ClearStatusFlag
                0x00004bbe       0x20 ./SDK/platform/drivers/src/lpspi/lpspi_hw_access.o
                0x00004bbe                LPSPI_ClearStatusFlag
 .text.LPSPI_SetPcsPolarityMode
                0x00004bde       0x1c ./SDK/platform/drivers/src/lpspi/lpspi_hw_access.o
                0x00004bde                LPSPI_SetPcsPolarityMode
 .text.LPSPI_SetPinConfigMode
                0x00004bfa       0x22 ./SDK/platform/drivers/src/lpspi/lpspi_hw_access.o
                0x00004bfa                LPSPI_SetPinConfigMode
 .text.LPSPI_SetBaudRateDivisor
                0x00004c1c       0x10 ./SDK/platform/drivers/src/lpspi/lpspi_hw_access.o
                0x00004c1c                LPSPI_SetBaudRateDivisor
 .text.LPSPI_SetBaudRate
                0x00004c2c      0x108 ./SDK/platform/drivers/src/lpspi/lpspi_hw_access.o
                0x00004c2c                LPSPI_SetBaudRate
 .text.LPSPI_SetTxCommandReg
                0x00004d34       0x4a ./SDK/platform/drivers/src/lpspi/lpspi_hw_access.o
                0x00004d34                LPSPI_SetTxCommandReg
 .text.LPSPI0_IRQHandler
                0x00004d7e        0xa ./SDK/platform/drivers/src/lpspi/lpspi_irq.o
                0x00004d7e                LPSPI0_IRQHandler
 .text.LPSPI1_IRQHandler
                0x00004d88        0xa ./SDK/platform/drivers/src/lpspi/lpspi_irq.o
                0x00004d88                LPSPI1_IRQHandler
 .text.LPSPI2_IRQHandler
                0x00004d92        0xa ./SDK/platform/drivers/src/lpspi/lpspi_irq.o
                0x00004d92                LPSPI2_IRQHandler
 .text.LPSPI_DRV_MasterStartTransfer
                0x00004d9c      0x200 ./SDK/platform/drivers/src/lpspi/lpspi_master_driver.o
 .text.LPSPI_DRV_MasterCompleteTransfer
                0x00004f9c       0x78 ./SDK/platform/drivers/src/lpspi/lpspi_master_driver.o
 .text.LPSPI_DRV_MasterConfigureBus
                0x00005014      0x114 ./SDK/platform/drivers/src/lpspi/lpspi_master_driver.o
                0x00005014                LPSPI_DRV_MasterConfigureBus
 .text.LPSPI_DRV_MasterInit
                0x00005128       0x80 ./SDK/platform/drivers/src/lpspi/lpspi_master_driver.o
                0x00005128                LPSPI_DRV_MasterInit
 .text.LPSPI_DRV_MasterTransferBlocking
                0x000051a8       0xc0 ./SDK/platform/drivers/src/lpspi/lpspi_master_driver.o
                0x000051a8                LPSPI_DRV_MasterTransferBlocking
 .text.LPSPI_DRV_MasterAbortTransfer
                0x00005268       0x28 ./SDK/platform/drivers/src/lpspi/lpspi_master_driver.o
                0x00005268                LPSPI_DRV_MasterAbortTransfer
 .text.LPSPI_DRV_MasterCompleteDMATransfer
                0x00005290       0x44 ./SDK/platform/drivers/src/lpspi/lpspi_master_driver.o
 .text.LPSPI_DRV_MasterCompleteRX
                0x000052d4       0x20 ./SDK/platform/drivers/src/lpspi/lpspi_master_driver.o
 .text.LPSPI_DRV_MasterIRQHandler
                0x000052f4       0xb4 ./SDK/platform/drivers/src/lpspi/lpspi_master_driver.o
                0x000052f4                LPSPI_DRV_MasterIRQHandler
 .text.LPSPI_DRV_IRQHandler
                0x000053a8       0x28 ./SDK/platform/drivers/src/lpspi/lpspi_shared_function.o
                0x000053a8                LPSPI_DRV_IRQHandler
 .text.LPSPI_DRV_FillupTxBuffer
                0x000053d0       0xb4 ./SDK/platform/drivers/src/lpspi/lpspi_shared_function.o
                0x000053d0                LPSPI_DRV_FillupTxBuffer
 .text.LPSPI_DRV_ReadRXBuffer
                0x00005484       0x8c ./SDK/platform/drivers/src/lpspi/lpspi_shared_function.o
                0x00005484                LPSPI_DRV_ReadRXBuffer
 .text.LPSPI_DRV_DisableTEIEInterrupts
                0x00005510       0x30 ./SDK/platform/drivers/src/lpspi/lpspi_shared_function.o
                0x00005510                LPSPI_DRV_DisableTEIEInterrupts
 .text.LPSPI_DRV_SlaveAbortTransfer
                0x00005540       0x74 ./SDK/platform/drivers/src/lpspi/lpspi_slave_driver.o
                0x00005540                LPSPI_DRV_SlaveAbortTransfer
 .text.LPSPI_DRV_SlaveIRQHandler
                0x000055b4       0xd4 ./SDK/platform/drivers/src/lpspi/lpspi_slave_driver.o
                0x000055b4                LPSPI_DRV_SlaveIRQHandler
 .text.LPUART_DRV_CompleteSendDataUsingInt
                0x00005688       0x64 ./SDK/platform/drivers/src/lpuart/lpuart_driver.o
 .text.LPUART_DRV_StopTxDma
                0x000056ec       0x64 ./SDK/platform/drivers/src/lpuart/lpuart_driver.o
 .text.LPUART_DRV_PutData
                0x00005750       0x44 ./SDK/platform/drivers/src/lpuart/lpuart_driver.o
 .text.LPUART_DRV_CompleteReceiveDataUsingInt
                0x00005794       0x64 ./SDK/platform/drivers/src/lpuart/lpuart_driver.o
 .text.LPUART_DRV_StopRxDma
                0x000057f8       0x64 ./SDK/platform/drivers/src/lpuart/lpuart_driver.o
 .text.LPUART_DRV_GetData
                0x0000585c       0x5c ./SDK/platform/drivers/src/lpuart/lpuart_driver.o
 .text.LPUART_DRV_SetBaudRate
                0x000058b8       0xf0 ./SDK/platform/drivers/src/lpuart/lpuart_driver.o
                0x000058b8                LPUART_DRV_SetBaudRate
 .text.LPUART_DRV_Init
                0x000059a8       0xe0 ./SDK/platform/drivers/src/lpuart/lpuart_driver.o
                0x000059a8                LPUART_DRV_Init
 .text.LPUART_DRV_IRQHandler
                0x00005a88      0x284 ./SDK/platform/drivers/src/lpuart/lpuart_driver.o
                0x00005a88                LPUART_DRV_IRQHandler
 .text.LPUART_Init
                0x00005d0c       0x24 ./SDK/platform/drivers/src/lpuart/lpuart_hw_access.o
                0x00005d0c                LPUART_Init
 .text.LPUART_SetBitCountPerChar
                0x00005d30       0x30 ./SDK/platform/drivers/src/lpuart/lpuart_hw_access.o
                0x00005d30                LPUART_SetBitCountPerChar
 .text.LPUART_SetParityMode
                0x00005d60       0x1e ./SDK/platform/drivers/src/lpuart/lpuart_hw_access.o
                0x00005d60                LPUART_SetParityMode
 .text.LPUART_Putchar9
                0x00005d7e       0x16 ./SDK/platform/drivers/src/lpuart/lpuart_hw_access.o
                0x00005d7e                LPUART_Putchar9
 .text.LPUART_Putchar10
                0x00005d94       0x22 ./SDK/platform/drivers/src/lpuart/lpuart_hw_access.o
                0x00005d94                LPUART_Putchar10
 .text.LPUART_Getchar9
                0x00005db6       0x12 ./SDK/platform/drivers/src/lpuart/lpuart_hw_access.o
                0x00005db6                LPUART_Getchar9
 .text.LPUART_Getchar10
                0x00005dc8       0x1e ./SDK/platform/drivers/src/lpuart/lpuart_hw_access.o
                0x00005dc8                LPUART_Getchar10
 .text.LPUART_SetIntMode
                0x00005de6       0x70 ./SDK/platform/drivers/src/lpuart/lpuart_hw_access.o
                0x00005de6                LPUART_SetIntMode
 .text.LPUART_GetIntMode
                0x00005e56       0x4a ./SDK/platform/drivers/src/lpuart/lpuart_hw_access.o
                0x00005e56                LPUART_GetIntMode
 .text.LPUART_GetStatusFlag
                0x00005ea0       0x4a ./SDK/platform/drivers/src/lpuart/lpuart_hw_access.o
                0x00005ea0                LPUART_GetStatusFlag
 *fill*         0x00005eea        0x2 
 .text.LPUART_SetErrorInterrupts
                0x00005eec       0x40 ./SDK/platform/drivers/src/lpuart/lpuart_hw_access.o
                0x00005eec                LPUART_SetErrorInterrupts
 .text.LPUART0_IrqHandler
                0x00005f2c        0xa ./SDK/platform/drivers/src/lpuart/lpuart_irq.o
                0x00005f2c                LPUART0_IrqHandler
 .text.LPUART1_IrqHandler
                0x00005f36        0xa ./SDK/platform/drivers/src/lpuart/lpuart_irq.o
                0x00005f36                LPUART1_IrqHandler
 .text.LPUART2_IrqHandler
                0x00005f40        0xa ./SDK/platform/drivers/src/lpuart/lpuart_irq.o
                0x00005f40                LPUART2_IrqHandler
 *fill*         0x00005f4a        0x2 
 .text.PDB_DRV_Init
                0x00005f4c       0x6c ./SDK/platform/drivers/src/pdb/pdb_driver.o
                0x00005f4c                PDB_DRV_Init
 .text.PDB_DRV_Enable
                0x00005fb8       0x14 ./SDK/platform/drivers/src/pdb/pdb_driver.o
                0x00005fb8                PDB_DRV_Enable
 .text.PDB_DRV_Disable
                0x00005fcc       0x14 ./SDK/platform/drivers/src/pdb/pdb_driver.o
                0x00005fcc                PDB_DRV_Disable
 .text.PDB_DRV_LoadValuesCmd
                0x00005fe0       0x14 ./SDK/platform/drivers/src/pdb/pdb_driver.o
                0x00005fe0                PDB_DRV_LoadValuesCmd
 .text.PDB_DRV_SetTimerModulusValue
                0x00005ff4       0x18 ./SDK/platform/drivers/src/pdb/pdb_driver.o
                0x00005ff4                PDB_DRV_SetTimerModulusValue
 .text.PDB_DRV_ConfigAdcPreTrigger
                0x0000600c       0x44 ./SDK/platform/drivers/src/pdb/pdb_driver.o
                0x0000600c                PDB_DRV_ConfigAdcPreTrigger
 .text.PDB_DRV_ClearAdcPreTriggerSeqErrFlags
                0x00006050       0x14 ./SDK/platform/drivers/src/pdb/pdb_driver.o
                0x00006050                PDB_DRV_ClearAdcPreTriggerSeqErrFlags
 .text.PDB_DRV_SetAdcPreTriggerDelayValue
                0x00006064       0x24 ./SDK/platform/drivers/src/pdb/pdb_driver.o
                0x00006064                PDB_DRV_SetAdcPreTriggerDelayValue
 .text.PDB_Init
                0x00006088       0x58 ./SDK/platform/drivers/src/pdb/pdb_hw_access.o
                0x00006088                PDB_Init
 .text.PDB_ConfigTimer
                0x000060e0       0x5c ./SDK/platform/drivers/src/pdb/pdb_hw_access.o
                0x000060e0                PDB_ConfigTimer
 .text.PDB_SetAdcPreTriggerBackToBackEnable
                0x0000613c       0x32 ./SDK/platform/drivers/src/pdb/pdb_hw_access.o
                0x0000613c                PDB_SetAdcPreTriggerBackToBackEnable
 .text.PDB_SetAdcPreTriggerOutputEnable
                0x0000616e       0x2e ./SDK/platform/drivers/src/pdb/pdb_hw_access.o
                0x0000616e                PDB_SetAdcPreTriggerOutputEnable
 .text.PDB_SetAdcPreTriggerEnable
                0x0000619c       0x2a ./SDK/platform/drivers/src/pdb/pdb_hw_access.o
                0x0000619c                PDB_SetAdcPreTriggerEnable
 .text.PDB_ClearAdcPreTriggerSeqErrFlags
                0x000061c6       0x22 ./SDK/platform/drivers/src/pdb/pdb_hw_access.o
                0x000061c6                PDB_ClearAdcPreTriggerSeqErrFlags
 .text.POWER_DRV_EnableVlpClockSrc
                0x000061e8       0x5c ./SDK/platform/drivers/src/power/S32K1xx/power_manager_S32K1xx.o
 .text.POWER_DRV_DisableVlpClockSrc
                0x00006244       0x2c ./SDK/platform/drivers/src/power/S32K1xx/power_manager_S32K1xx.o
 .text.POWER_DRV_SwitchVlprClk
                0x00006270       0x32 ./SDK/platform/drivers/src/power/S32K1xx/power_manager_S32K1xx.o
 *fill*         0x000062a2        0x2 
 .text.POWER_SYS_DoInit
                0x000062a4       0xa4 ./SDK/platform/drivers/src/power/S32K1xx/power_manager_S32K1xx.o
                0x000062a4                POWER_SYS_DoInit
 .text.POWER_SYS_GetCurrentMode
                0x00006348       0x24 ./SDK/platform/drivers/src/power/S32K1xx/power_manager_S32K1xx.o
                0x00006348                POWER_SYS_GetCurrentMode
 .text.POWER_SYS_DoSetMode
                0x0000636c      0x310 ./SDK/platform/drivers/src/power/S32K1xx/power_manager_S32K1xx.o
                0x0000636c                POWER_SYS_DoSetMode
 .text.SMC_WaitForStatChange
                0x0000667c       0x70 ./SDK/platform/drivers/src/power/S32K1xx/power_smc_hw_access.o
 .text.SMC_SetPowerMode
                0x000066ec      0x100 ./SDK/platform/drivers/src/power/S32K1xx/power_smc_hw_access.o
                0x000066ec                SMC_SetPowerMode
 .text.SMC_SetProtectionMode
                0x000067ec       0x16 ./SDK/platform/drivers/src/power/S32K1xx/power_smc_hw_access.o
                0x000067ec                SMC_SetProtectionMode
 *fill*         0x00006802        0x2 
 .text.POWER_SYS_CallbacksManagement
                0x00006804       0xa4 ./SDK/platform/drivers/src/power/power_manager.o
 .text.POWER_SYS_Init
                0x000068a8       0x2c ./SDK/platform/drivers/src/power/power_manager.o
                0x000068a8                POWER_SYS_Init
 .text.POWER_SYS_SetMode
                0x000068d4       0x80 ./SDK/platform/drivers/src/power/power_manager.o
                0x000068d4                POWER_SYS_SetMode
 .text.TRGMUX_DRV_Init
                0x00006954       0x64 ./SDK/platform/drivers/src/trgmux/trgmux_driver.o
                0x00006954                TRGMUX_DRV_Init
 .text.TRGMUX_DRV_SetTrigSourceForTargetModule
                0x000069b8       0x28 ./SDK/platform/drivers/src/trgmux/trgmux_driver.o
                0x000069b8                TRGMUX_DRV_SetTrigSourceForTargetModule
 .text.TRGMUX_Init
                0x000069e0       0x5c ./SDK/platform/drivers/src/trgmux/trgmux_hw_access.o
                0x000069e0                TRGMUX_Init
 .text.TRGMUX_SetTrigSourceForTargetModule
                0x00006a3c       0x26 ./SDK/platform/drivers/src/trgmux/trgmux_hw_access.o
                0x00006a3c                TRGMUX_SetTrigSourceForTargetModule
 .text.TRGMUX_SetLockForTargetModule
                0x00006a62       0x10 ./SDK/platform/drivers/src/trgmux/trgmux_hw_access.o
                0x00006a62                TRGMUX_SetLockForTargetModule
 .text.TRGMUX_GetLockForTargetModule
                0x00006a72        0xa ./SDK/platform/drivers/src/trgmux/trgmux_hw_access.o
                0x00006a72                TRGMUX_GetLockForTargetModule
 .text.SysTick_Handler
                0x00006a7c       0x10 ./SDK/rtos/osif/osif_baremetal.o
                0x00006a7c                SysTick_Handler
 .text.OSIF_SemaWait
                0x00006a8c       0x84 ./SDK/rtos/osif/osif_baremetal.o
                0x00006a8c                OSIF_SemaWait
 .text.OSIF_SemaPost
                0x00006b10       0x26 ./SDK/rtos/osif/osif_baremetal.o
                0x00006b10                OSIF_SemaPost
 .text.OSIF_SemaCreate
                0x00006b36       0x14 ./SDK/rtos/osif/osif_baremetal.o
                0x00006b36                OSIF_SemaCreate
 *fill*         0x00006b4a        0x2 
 .text.SPI_AML_MasterInit
                0x00006b4c       0x10 ./src/GD3000/aml/spi_aml/spi_aml.o
                0x00006b4c                SPI_AML_MasterInit
 .text.SPI_AML_MasterGetDefaultConfig
                0x00006b5c       0x30 ./src/GD3000/aml/spi_aml/spi_aml.o
                0x00006b5c                SPI_AML_MasterGetDefaultConfig
 .text.SPI_AML_MasterFillSdkConfig
                0x00006b8c       0x44 ./src/GD3000/aml/spi_aml/spi_aml.o
                0x00006b8c                SPI_AML_MasterFillSdkConfig
 .text.SPI_AML_MasterSelectDevice
                0x00006bd0       0x28 ./src/GD3000/aml/spi_aml/spi_aml.o
                0x00006bd0                SPI_AML_MasterSelectDevice
 .text.SPI_AML_MasterUnselectDevice
                0x00006bf8       0x28 ./src/GD3000/aml/spi_aml/spi_aml.o
                0x00006bf8                SPI_AML_MasterUnselectDevice
 .text.SPI_AML_MasterTransfer
                0x00006c20       0x2e ./src/GD3000/aml/spi_aml/spi_aml.o
                0x00006c20                SPI_AML_MasterTransfer
 .text.WAIT_AML_GetSysFreq
                0x00006c4e       0x14 ./src/GD3000/aml/wait_aml/wait_aml.o
                0x00006c4e                WAIT_AML_GetSysFreq
 *fill*         0x00006c62        0x2 
 .text.WAIT_AML_WaitUs
                0x00006c64       0x3c ./src/GD3000/aml/wait_aml/wait_aml.o
                0x00006c64                WAIT_AML_WaitUs
 .text.GD3000_Init
                0x00006ca0       0x74 ./src/GD3000/gd3000_init.o
                0x00006ca0                GD3000_Init
 .text.TPP_ConfigureGpio
                0x00006d14       0x64 ./src/GD3000/tpp/tpp.o
                0x00006d14                TPP_ConfigureGpio
 .text.TPP_ConfigureSpi
                0x00006d78       0x8c ./src/GD3000/tpp/tpp.o
                0x00006d78                TPP_ConfigureSpi
 .text.TPP_SendCommand
                0x00006e04       0x44 ./src/GD3000/tpp/tpp.o
                0x00006e04                TPP_SendCommand
 .text.TPP_GetStatusRegister
                0x00006e48       0x3c ./src/GD3000/tpp/tpp.o
                0x00006e48                TPP_GetStatusRegister
 .text.TPP_SetInterruptMasks
                0x00006e84       0x74 ./src/GD3000/tpp/tpp.o
                0x00006e84                TPP_SetInterruptMasks
 .text.TPP_ClearInterrupts
                0x00006ef8       0x5c ./src/GD3000/tpp/tpp.o
                0x00006ef8                TPP_ClearInterrupts
 .text.TPP_SetModeRegister
                0x00006f54       0x66 ./src/GD3000/tpp/tpp.o
                0x00006f54                TPP_SetModeRegister
 *fill*         0x00006fba        0x2 
 .text.TPP_SetDeadtime
                0x00006fbc      0x12c ./src/GD3000/tpp/tpp.o
                0x00006fbc                TPP_SetDeadtime
 .text.TPP_SetOperationalMode
                0x000070e8      0x144 ./src/GD3000/tpp/tpp.o
                0x000070e8                TPP_SetOperationalMode
 .text.TPP_Init
                0x0000722c       0x3c ./src/GD3000/tpp/tpp.o
                0x0000722c                TPP_Init
 .text.McuClockConfig
                0x00007268       0x20 ./src/Peripherals/peripherals_config.o
                0x00007268                McuClockConfig
 .text.McuPowerConfig
                0x00007288       0x20 ./src/Peripherals/peripherals_config.o
                0x00007288                McuPowerConfig
 .text.McuIntConfig
                0x000072a8       0x58 ./src/Peripherals/peripherals_config.o
                0x000072a8                McuIntConfig
 .text.McuTrigmuxConfig
                0x00007300       0x1c ./src/Peripherals/peripherals_config.o
                0x00007300                McuTrigmuxConfig
 .text.McuPinsConfig
                0x0000731c       0x20 ./src/Peripherals/peripherals_config.o
                0x0000731c                McuPinsConfig
 .text.McuLpuartConfig
                0x0000733c       0x18 ./src/Peripherals/peripherals_config.o
                0x0000733c                McuLpuartConfig
 .text.McuLpitConfig
                0x00007354       0x28 ./src/Peripherals/peripherals_config.o
                0x00007354                McuLpitConfig
 .text.McuFtmConfig
                0x0000737c       0x60 ./src/Peripherals/peripherals_config.o
                0x0000737c                McuFtmConfig
 .text.McuPdbConfig
                0x000073dc       0x98 ./src/Peripherals/peripherals_config.o
                0x000073dc                McuPdbConfig
 .text.McuAdcConfig
                0x00007474       0x48 ./src/Peripherals/peripherals_config.o
                0x00007474                McuAdcConfig
 .text.McuCacheConfig
                0x000074bc       0x10 ./src/Peripherals/peripherals_config.o
                0x000074bc                McuCacheConfig
 .text.ACTUATE_SetDutycycle
                0x000074cc       0x80 ./src/actuate_s32k.o
                0x000074cc                ACTUATE_SetDutycycle
 .text.ACTUATE_EnableOutput
                0x0000754c       0x20 ./src/actuate_s32k.o
                0x0000754c                ACTUATE_EnableOutput
 .text.ACTUATE_DisableOutput
                0x0000756c       0x20 ./src/actuate_s32k.o
                0x0000756c                ACTUATE_DisableOutput
 .text.ACTUATE_SetPwmMask
                0x0000758c       0x38 ./src/actuate_s32k.o
                0x0000758c                ACTUATE_SetPwmMask
 .text.HALL_GetSector
                0x000075c4       0x64 ./src/hall_sensor.o
                0x000075c4                HALL_GetSector
 .text.TPP_InitializeOutputs
                0x00007628        0x2 ./src/main.o
                0x00007628                TPP_InitializeOutputs
 *fill*         0x0000762a        0x2 
 .text.PORTE_IRQHandler
                0x0000762c       0x3c ./src/main.o
                0x0000762c                PORTE_IRQHandler
 .text.PDB0_IRQHandler
                0x00007668       0x28 ./src/main.o
                0x00007668                PDB0_IRQHandler
 .text.PDB1_IRQHandler
                0x00007690       0x28 ./src/main.o
                0x00007690                PDB1_IRQHandler
 .text.FTM2_Callback
                0x000076b8       0x84 ./src/main.o
                0x000076b8                FTM2_Callback
 .text.ADC1_IRQHandler
                0x0000773c       0xf0 ./src/main.o
                0x0000773c                ADC1_IRQHandler
 .text.AppInit  0x0000782c       0x94 ./src/main.o
                0x0000782c                AppInit
 .text.AppStop  0x000078c0       0x44 ./src/main.o
                0x000078c0                AppStop
 .text.AppStopToAlignment
                0x00007904       0x80 ./src/main.o
                0x00007904                AppStopToAlignment
 .text.AppCalib
                0x00007984       0x2c ./src/main.o
                0x00007984                AppCalib
 .text.AppAlignmentToStart
                0x000079b0       0x54 ./src/main.o
                0x000079b0                AppAlignmentToStart
 .text.AppAlignment
                0x00007a04       0x14 ./src/main.o
                0x00007a04                AppAlignment
 .text.AppStartToRun
                0x00007a18       0x8c ./src/main.o
                0x00007a18                AppStartToRun
 .text.AppStart
                0x00007aa4        0x8 ./src/main.o
                0x00007aa4                AppStart
 .text.AppRun   0x00007aac       0x50 ./src/main.o
                0x00007aac                AppRun
 .text.AppFault
                0x00007afc       0x50 ./src/main.o
                0x00007afc                AppFault
 .text.CheckFaults
                0x00007b4c      0x160 ./src/main.o
                0x00007b4c                CheckFaults
 .text.CheckSwitchState
                0x00007cac      0x104 ./src/main.o
                0x00007cac                CheckSwitchState
 .text.LPIT0_Ch0_IRQHandler
                0x00007db0      0x218 ./src/main.o
                0x00007db0                LPIT0_Ch0_IRQHandler
 .text.StallCheck
                0x00007fc8       0x40 ./src/main.o
                0x00007fc8                StallCheck
 .text.main     0x00008008      0x218 ./src/main.o
                0x00008008                main
 .text.RGBLedOFF
                0x00008220       0x28 ./src/main.o
                0x00008220                RGBLedOFF
 .text.RGBLedBlueON
                0x00008248       0x28 ./src/main.o
                0x00008248                RGBLedBlueON
 .text.RGBLedRedON
                0x00008270       0x28 ./src/main.o
                0x00008270                RGBLedRedON
 .text.RGBLedGreenON
                0x00008298       0x28 ./src/main.o
                0x00008298                RGBLedGreenON
 .text.RGBLedGreenFlash
                0x000082c0       0x44 ./src/main.o
                0x000082c0                RGBLedGreenFlash
 .text.MEAS_GetBEMFVoltage
                0x00008304       0x44 ./src/meas_s32k.o
                0x00008304                MEAS_GetBEMFVoltage
 .text.MEAS_GetDCBVoltage
                0x00008348       0x44 ./src/meas_s32k.o
                0x00008348                MEAS_GetDCBVoltage
 .text.MEAS_GetDCBCurrent
                0x0000838c       0x40 ./src/meas_s32k.o
                0x0000838c                MEAS_GetDCBCurrent
 .text.GDFLIB_FilterMAInit_FLT
                0x000083cc        0x8 C:/NXP/S32DS.3.5/S32DS/software/AMMCLIB_v1.1.31/S32K14x_AMMCLIB_v1.1.31/lib/s32ds_arm32\S32K14x_AMMCLIB.a(GDFLIB_FilterMA_c.o)
                0x000083cc                GDFLIB_FilterMAInit_FLT
 .text.GDFLIB_FilterMA_FLT
                0x000083d4       0x20 C:/NXP/S32DS.3.5/S32DS/software/AMMCLIB_v1.1.31/S32K14x_AMMCLIB_v1.1.31/lib/s32ds_arm32\S32K14x_AMMCLIB.a(GDFLIB_FilterMA_c.o)
                0x000083d4                GDFLIB_FilterMA_FLT
 .text.GFLIB_ControllerPIpAW_FLT
                0x000083f4       0x84 C:/NXP/S32DS.3.5/S32DS/software/AMMCLIB_v1.1.31/S32K14x_AMMCLIB_v1.1.31/lib/s32ds_arm32\S32K14x_AMMCLIB.a(GFLIB_ControllerPIpAW_c.o)
                0x000083f4                GFLIB_ControllerPIpAW_FLT
 .text.GFLIB_Ramp_FLT
                0x00008478       0x78 C:/NXP/S32DS.3.5/S32DS/software/AMMCLIB_v1.1.31/S32K14x_AMMCLIB_v1.1.31/lib/s32ds_arm32\S32K14x_AMMCLIB.a(GFLIB_Ramp_c.o)
                0x00008478                GFLIB_Ramp_FLT
 *(.rodata)
 .rodata        0x000084f0        0x6 ./src/actuate_s32k.o
 *(.rodata*)
 *fill*         0x000084f6        0x2 
 .rodata.FMSTR_GetBoardInfo.str1.4
                0x000084f8       0x14 ./FreeMaster_S32K144_2.0.0/src_common/freemaster_protocol.o
                                 0x11 (size before relaxing)
 .rodata.clockNameMappings
                0x0000850c       0x9e ./SDK/S32K144_SDK_4.0.1/platform/drivers/src/clock/S32K1xx/clock_S32K1xx.o
                0x0000850c                clockNameMappings
 *fill*         0x000085aa        0x2 
 .rodata.maxSysClksInHSRUN.7627
                0x000085ac       0x54 ./SDK/S32K144_SDK_4.0.1/platform/drivers/src/clock/S32K1xx/clock_S32K1xx.o
 .rodata.maxSysClksInRUN.7626
                0x00008600       0x54 ./SDK/S32K144_SDK_4.0.1/platform/drivers/src/clock/S32K1xx/clock_S32K1xx.o
 .rodata.maxSysClksInVLPR.7625
                0x00008654       0x54 ./SDK/S32K144_SDK_4.0.1/platform/drivers/src/clock/S32K1xx/clock_S32K1xx.o
 .rodata.peripheralFeaturesList
                0x000086a8       0x4f ./SDK/S32K144_SDK_4.0.1/platform/drivers/src/clock/S32K1xx/clock_S32K1xx.o
                0x000086a8                peripheralFeaturesList
 *fill*         0x000086f7        0x1 
 .rodata.sysClkDivMappings.7773
                0x000086f8       0x11 ./SDK/S32K144_SDK_4.0.1/platform/drivers/src/clock/S32K1xx/clock_S32K1xx.o
 *fill*         0x00008709        0x3 
 .rodata.s_adcBase
                0x0000870c        0x8 ./SDK/platform/drivers/src/adc/adc_driver.o
 .rodata.g_ftmBase
                0x00008714       0x10 ./SDK/platform/drivers/src/ftm/ftm_common.o
                0x00008714                g_ftmBase
 .rodata.g_ftmExtClockSel
                0x00008724        0x4 ./SDK/platform/drivers/src/ftm/ftm_common.o
 .rodata.g_ftmIrqId
                0x00008728       0x20 ./SDK/platform/drivers/src/ftm/ftm_common.o
                0x00008728                g_ftmIrqId
 .rodata.g_ftmOverflowIrqId
                0x00008748        0x4 ./SDK/platform/drivers/src/ftm/ftm_common.o
                0x00008748                g_ftmOverflowIrqId
 .rodata.s_baudratePrescaler
                0x0000874c       0x20 ./SDK/platform/drivers/src/lpspi/lpspi_hw_access.o
 .rodata.s_lpuartBase
                0x0000876c        0xc ./SDK/platform/drivers/src/lpuart/lpuart_driver.o
 .rodata.s_lpuartClkNames
                0x00008778        0x3 ./SDK/platform/drivers/src/lpuart/lpuart_driver.o
 *fill*         0x0000877b        0x1 
 .rodata.s_lpuartRxTxIrqId
                0x0000877c        0x3 ./SDK/platform/drivers/src/lpuart/lpuart_driver.o
 *fill*         0x0000877f        0x1 
 .rodata.s_pdbBase
                0x00008780        0x8 ./SDK/platform/drivers/src/pdb/pdb_driver.o
 .rodata.s_pdbClkNames.7040
                0x00008788        0x2 ./SDK/platform/drivers/src/pdb/pdb_driver.o
 *fill*         0x0000878a        0x2 
 .rodata.s_pdbIrqId
                0x0000878c        0x2 ./SDK/platform/drivers/src/pdb/pdb_driver.o
 *fill*         0x0000878e        0x2 
 .rodata.s_trgmuxTargetModule.6440
                0x00008790       0x35 ./SDK/platform/drivers/src/trgmux/trgmux_hw_access.o
 *fill*         0x000087c5        0x3 
 .rodata.adConv0_ChnConfig0
                0x000087c8        0x4 ./board/peripherals_adConv0.o
                0x000087c8                adConv0_ChnConfig0
 .rodata.adConv0_ConvConfig0
                0x000087cc        0xb ./board/peripherals_adConv0.o
                0x000087cc                adConv0_ConvConfig0
 *fill*         0x000087d7        0x1 
 .rodata.adConv1_ChnConfig0
                0x000087d8        0x4 ./board/peripherals_adConv1.o
                0x000087d8                adConv1_ChnConfig0
 .rodata.adConv1_ChnConfig1
                0x000087dc        0x4 ./board/peripherals_adConv1.o
                0x000087dc                adConv1_ChnConfig1
 .rodata.adConv1_ConvConfig0
                0x000087e0        0xb ./board/peripherals_adConv1.o
                0x000087e0                adConv1_ConvConfig0
 *fill*         0x000087eb        0x1 
 .rodata.lpit1_InitConfig
                0x000087ec        0x2 ./board/peripherals_lpit0.o
                0x000087ec                lpit1_InitConfig
 *fill*         0x000087ee        0x2 
 .rodata.lpuart_1_InitConfig0
                0x000087f0        0xc ./board/peripherals_lpuart1.o
                0x000087f0                lpuart_1_InitConfig0
 .rodata.pdb0_AdcTrigInitConfig0
                0x000087fc        0x8 ./board/peripherals_pdb0.o
                0x000087fc                pdb0_AdcTrigInitConfig0
 .rodata.pdb0_InitConfig0
                0x00008804        0x9 ./board/peripherals_pdb0.o
                0x00008804                pdb0_InitConfig0
 *fill*         0x0000880d        0x3 
 .rodata.pdb1_AdcTrigInitConfig0
                0x00008810        0x8 ./board/peripherals_pdb1.o
                0x00008810                pdb1_AdcTrigInitConfig0
 .rodata.pdb1_AdcTrigInitConfig1
                0x00008818        0x8 ./board/peripherals_pdb1.o
                0x00008818                pdb1_AdcTrigInitConfig1
 .rodata.pdb1_InitConfig0
                0x00008820        0x9 ./board/peripherals_pdb1.o
                0x00008820                pdb1_InitConfig0
 *fill*         0x00008829        0x3 
 .rodata.trgmux1_InitConfig0
                0x0000882c        0x8 ./board/peripherals_trgmux1.o
                0x0000882c                trgmux1_InitConfig0
 .rodata.trgmux_InOutMappingConfig0
                0x00008834       0x12 ./board/peripherals_trgmux1.o
                0x00008834                trgmux_InOutMappingConfig0
 *fill*         0x00008846        0x2 
 .rodata.g_gpioBases
                0x00008848       0x14 ./src/GD3000/aml/spi_aml/spi_aml.o
 .rodata.g_gpioBases
                0x0000885c       0x14 ./src/GD3000/tpp/tpp.o
 .rodata.ui16FTM3SwOctrlVal
                0x00008870       0x20 ./src/actuate_s32k.o
                0x00008870                ui16FTM3SwOctrlVal
 .rodata.ui8FTM3OutmaskVal
                0x00008890       0x10 ./src/actuate_s32k.o
                0x00008890                ui8FTM3OutmaskVal
 .rodata.hall_array
                0x000088a0        0xc ./src/hall_sensor.o
                0x000088a0                hall_array
 .rodata.AppStateLed
                0x000088ac       0x1c ./src/state_machine.o
                0x000088ac                AppStateLed
 .rodata.AppStateMachine
                0x000088c8       0x1c ./src/state_machine.o
                0x000088c8                AppStateMachine
 *(.init)
 .init          0x000088e4        0x4 c:/nxp/s32ds.3.5/s32ds/build_tools/gcc_b1620/gcc-6.3-arm32-eabi/bin/../lib/gcc/arm-none-eabi/6.3.1/thumb/v7e-m/fpv4-sp/hard/crti.o
                0x000088e4                _init
 *(.fini)
 .fini          0x000088e8        0x4 c:/nxp/s32ds.3.5/s32ds/build_tools/gcc_b1620/gcc-6.3-arm32-eabi/bin/../lib/gcc/arm-none-eabi/6.3.1/thumb/v7e-m/fpv4-sp/hard/crti.o
                0x000088e8                _fini
 *(.eh_frame)
                0x000088ec                . = ALIGN (0x4)

.glue_7         0x000088ec        0x0
 .glue_7        0x000088ec        0x0 linker stubs

.glue_7t        0x000088ec        0x0
 .glue_7t       0x000088ec        0x0 linker stubs

.vfp11_veneer   0x000088ec        0x0
 .vfp11_veneer  0x000088ec        0x0 linker stubs

.v4_bx          0x000088ec        0x0
 .v4_bx         0x000088ec        0x0 linker stubs

.iplt           0x000088ec        0x0
 .iplt          0x000088ec        0x0 ./FreeMaster_S32K144_2.0.0/src_common/freemaster_appcmd.o

.ARM            0x000088ec        0x8
                0x000088ec                __exidx_start = .
 *(.ARM.exidx*)
 .ARM.exidx     0x000088ec        0x8 c:/nxp/s32ds.3.5/s32ds/build_tools/gcc_b1620/gcc-6.3-arm32-eabi/bin/../lib/gcc/arm-none-eabi/6.3.1/thumb/v7e-m/fpv4-sp/hard\libgcc.a(_udivmoddi4.o)
                0x000088f4                __exidx_end = .
                0x000088f4                __etext = .
                0x000088f4                __DATA_ROM = .

.rel.dyn        0x000088f4        0x0
 .rel.iplt      0x000088f4        0x0 ./FreeMaster_S32K144_2.0.0/src_common/freemaster_appcmd.o

.interrupts_ram
                0x1fff8000      0x400
                0x1fff8000                . = ALIGN (0x4)
                0x1fff8000                __VECTOR_RAM__ = .
                0x1fff8000                __RAM_START = .
                0x1fff8000                __interrupts_ram_start__ = .
 *(.m_interrupts_ram)
                0x1fff8400                . = (. + M_VECTOR_RAM_SIZE)
 *fill*         0x1fff8000      0x400 
                0x1fff8400                . = ALIGN (0x4)
                0x1fff8400                __interrupts_ram_end__ = .
                0x1fff8000                __VECTOR_RAM = DEFINED (__flash_vector_table__)?ORIGIN (m_interrupts):__VECTOR_RAM__
                0x00000400                __RAM_VECTOR_TABLE_SIZE = DEFINED (__flash_vector_table__)?0x0:(__interrupts_ram_end__ - __interrupts_ram_start__)

.data           0x1fff8400      0x578 load address 0x000088f4
                0x1fff8400                . = ALIGN (0x4)
                0x1fff8400                __DATA_RAM = .
                0x1fff8400                __data_start__ = .
 *(.data)
 *(.data*)
 .data.peripheralClockConfig.7374
                0x1fff8400       0xa0 ./SDK/S32K144_SDK_4.0.1/platform/drivers/src/clock/S32K1xx/clock_S32K1xx.o
 .data.g_lpspiBase
                0x1fff84a0        0xc ./SDK/platform/drivers/src/lpspi/lpspi_shared_function.o
                0x1fff84a0                g_lpspiBase
 .data.g_lpspiIrqId
                0x1fff84ac        0x3 ./SDK/platform/drivers/src/lpspi/lpspi_shared_function.o
                0x1fff84ac                g_lpspiIrqId
 *fill*         0x1fff84af        0x1 
 .data.g_lpuartIsr
                0x1fff84b0        0xc ./SDK/platform/drivers/src/lpuart/lpuart_irq.o
                0x1fff84b0                g_lpuartIsr
 .data.first_init.6874
                0x1fff84bc        0x1 ./SDK/rtos/osif/osif_baremetal.o
 *fill*         0x1fff84bd        0x3 
 .data.clockMan1_InitConfig0
                0x1fff84c0       0x88 ./board/clock_config.o
                0x1fff84c0                clockMan1_InitConfig0
 .data.g_clockManConfigsArr
                0x1fff8548        0x4 ./board/clock_config.o
                0x1fff8548                g_clockManConfigsArr
 .data.peripheralClockConfig0
                0x1fff854c       0x69 ./board/clock_config.o
                0x1fff854c                peripheralClockConfig0
 *fill*         0x1fff85b5        0x3 
 .data.flexTimer_ic_1_InitConfig
                0x1fff85b8       0x12 ./board/peripherals_flexTimer_ic_1.o
                0x1fff85b8                flexTimer_ic_1_InitConfig
 *fill*         0x1fff85ca        0x2 
 .data.flexTimer_ic_1_InputCaptureChannelConfig
                0x1fff85cc       0x10 ./board/peripherals_flexTimer_ic_1.o
                0x1fff85cc                flexTimer_ic_1_InputCaptureChannelConfig
 .data.flexTimer_ic_1_InputCaptureConfig
                0x1fff85dc        0x8 ./board/peripherals_flexTimer_ic_1.o
                0x1fff85dc                flexTimer_ic_1_InputCaptureConfig
 .data.flexTimer_pwm3_IndependentChannelsConfig
                0x1fff85e4       0x28 ./board/peripherals_flexTimer_pwm3.o
                0x1fff85e4                flexTimer_pwm3_IndependentChannelsConfig
 .data.flexTimer_pwm3_InitConfig
                0x1fff860c       0x12 ./board/peripherals_flexTimer_pwm3.o
                0x1fff860c                flexTimer_pwm3_InitConfig
 *fill*         0x1fff861e        0x2 
 .data.flexTimer_pwm3_PwmConfig
                0x1fff8620       0x18 ./board/peripherals_flexTimer_pwm3.o
                0x1fff8620                flexTimer_pwm3_PwmConfig
 .data.lpit0_ChnConfig0
                0x1fff8638       0x18 ./board/peripherals_lpit0.o
                0x1fff8638                lpit0_ChnConfig0
 .data.g_pin_mux_InitConfigArr0
                0x1fff8650      0x300 ./board/pin_mux.o
                0x1fff8650                g_pin_mux_InitConfigArr0
 .data.powerConfigsArr
                0x1fff8950        0x4 ./board/pwrMan1.o
                0x1fff8950                powerConfigsArr
 .data.pwrMan1_InitConfig0
                0x1fff8954        0x2 ./board/pwrMan1.o
                0x1fff8954                pwrMan1_InitConfig0
 .data.mcat_FreewheelTLong
                0x1fff8956        0x2 ./src/main.o
                0x1fff8956                mcat_FreewheelTLong
 .data.mcat_FreewheelTShort
                0x1fff8958        0x2 ./src/main.o
                0x1fff8958                mcat_FreewheelTShort
 *fill*         0x1fff895a        0x2 
 .data.mcat_NMin
                0x1fff895c        0x4 ./src/main.o
                0x1fff895c                mcat_NMin
 .data.mcat_alignDuration
                0x1fff8960        0x2 ./src/main.o
                0x1fff8960                mcat_alignDuration
 *fill*         0x1fff8962        0x2 
 .data.mcat_alignVoltage
                0x1fff8964        0x4 ./src/main.o
                0x1fff8964                mcat_alignVoltage
 .data.mcat_cmtTOff
                0x1fff8968        0x4 ./src/main.o
                0x1fff8968                mcat_cmtTOff
 .data.mcat_startCmtAcceler
                0x1fff896c        0x4 ./src/main.o
                0x1fff896c                mcat_startCmtAcceler
 .data.mcat_startCmtCnt
                0x1fff8970        0x1 ./src/main.o
                0x1fff8970                mcat_startCmtCnt
 *fill*         0x1fff8971        0x1 
 .data.mcat_startCmtPer
                0x1fff8972        0x2 ./src/main.o
                0x1fff8972                mcat_startCmtPer
 .data.requiredSpeed
                0x1fff8974        0x4 ./src/main.o
                0x1fff8974                requiredSpeed
                0x1fff8978                . = ALIGN (0x4)
                0x1fff8978                __data_end__ = .
                0x00008e6c                __DATA_END = (__DATA_ROM + (__data_end__ - __data_start__))
                0x00008e6c                __CODE_ROM = __DATA_END

.igot.plt       0x1fff8978        0x0 load address 0x00008e6c
 .igot.plt      0x1fff8978        0x0 ./FreeMaster_S32K144_2.0.0/src_common/freemaster_appcmd.o

.code           0x1fff8978        0x0 load address 0x00008e6c
                0x1fff8978                . = ALIGN (0x4)
                0x1fff8978                __CODE_RAM = .
                0x1fff8978                __code_start__ = .
                0x1fff8978                __code_ram_start__ = .
 *(.code_ram)
                0x1fff8978                . = ALIGN (0x4)
                0x1fff8978                __code_end__ = .
                0x1fff8978                __code_ram_end__ = .
                0x00008e6c                __CODE_END = (__CODE_ROM + (__code_end__ - __code_start__))
                0x00008e6c                __CUSTOM_ROM = __CODE_END

.customSectionBlock
                0x20000000        0x0 load address 0x00008e6c
                0x20000000                __customSection_start__ = .
 *(.customSection)
                0x20000000                __customSection_end__ = .
                0x00008e6c                __CUSTOM_END = (__CUSTOM_ROM + (__customSection_end__ - __customSection_start__))
                0x00008e6c                __rom_end = __CUSTOM_END

.bss            0x20000000      0x75c
                0x20000000                . = ALIGN (0x4)
                0x20000000                __BSS_START = .
                0x20000000                __bss_start__ = .
 *(.bss)
 *(.bss*)
 .bss.pcm_nAppCmd
                0x20000000        0x1 ./FreeMaster_S32K144_2.0.0/src_common/freemaster_appcmd.o
 *fill*         0x20000001        0x1 
 .bss.pcm_nAppCmdLen
                0x20000002        0x2 ./FreeMaster_S32K144_2.0.0/src_common/freemaster_appcmd.o
 .bss.pcm_nAppCmdResult
                0x20000004        0x1 ./FreeMaster_S32K144_2.0.0/src_common/freemaster_appcmd.o
 .bss.pcm_nAppCmdResultDataLen
                0x20000005        0x1 ./FreeMaster_S32K144_2.0.0/src_common/freemaster_appcmd.o
 *fill*         0x20000006        0x2 
 .bss.pcm_pAppCmdBuff
                0x20000008       0x20 ./FreeMaster_S32K144_2.0.0/src_common/freemaster_appcmd.o
 .bss.pcm_pAppCmdCallFunc
                0x20000028       0x10 ./FreeMaster_S32K144_2.0.0/src_common/freemaster_appcmd.o
 .bss.pcm_pAppCmdCallId
                0x20000038        0x4 ./FreeMaster_S32K144_2.0.0/src_common/freemaster_appcmd.o
 .bss.pcm_pipes
                0x2000003c      0x120 ./FreeMaster_S32K144_2.0.0/src_common/freemaster_pipes.o
 .bss.pcm_bTrgVarSigned
                0x2000015c        0x1 ./FreeMaster_S32K144_2.0.0/src_common/freemaster_rec.o
 *fill*         0x2000015d        0x3 
 .bss.pcm_dwRecEndBuffPtr
                0x20000160        0x4 ./FreeMaster_S32K144_2.0.0/src_common/freemaster_rec.o
                0x20000160                pcm_dwRecEndBuffPtr
 .bss.pcm_dwRecWritePtr
                0x20000164        0x4 ./FreeMaster_S32K144_2.0.0/src_common/freemaster_rec.o
                0x20000164                pcm_dwRecWritePtr
 .bss.pcm_nRecBuffAddr
                0x20000168        0x4 ./FreeMaster_S32K144_2.0.0/src_common/freemaster_rec.o
 .bss.pcm_nRecTriggerMode
                0x2000016c        0x1 ./FreeMaster_S32K144_2.0.0/src_common/freemaster_rec.o
                0x2000016c                pcm_nRecTriggerMode
 .bss.pcm_nRecVarCount
                0x2000016d        0x1 ./FreeMaster_S32K144_2.0.0/src_common/freemaster_rec.o
                0x2000016d                pcm_nRecVarCount
 *fill*         0x2000016e        0x2 
 .bss.pcm_nTrgVarAddr
                0x20000170        0x4 ./FreeMaster_S32K144_2.0.0/src_common/freemaster_rec.o
 .bss.pcm_nTrgVarSize
                0x20000174        0x1 ./FreeMaster_S32K144_2.0.0/src_common/freemaster_rec.o
 *fill*         0x20000175        0x3 
 .bss.pcm_pCompareFunc
                0x20000178        0x4 ./FreeMaster_S32K144_2.0.0/src_common/freemaster_rec.o
 .bss.pcm_pOwnRecBuffer
                0x2000017c      0x200 ./FreeMaster_S32K144_2.0.0/src_common/freemaster_rec.o
 .bss.pcm_pRecVarAddr
                0x2000037c       0x20 ./FreeMaster_S32K144_2.0.0/src_common/freemaster_rec.o
                0x2000037c                pcm_pRecVarAddr
 .bss.pcm_pRecVarSize
                0x2000039c        0x8 ./FreeMaster_S32K144_2.0.0/src_common/freemaster_rec.o
                0x2000039c                pcm_pRecVarSize
 .bss.pcm_uTrgThreshold
                0x200003a4        0x4 ./FreeMaster_S32K144_2.0.0/src_common/freemaster_rec.o
 .bss.pcm_wRecBuffStartIx
                0x200003a8        0x2 ./FreeMaster_S32K144_2.0.0/src_common/freemaster_rec.o
                0x200003a8                pcm_wRecBuffStartIx
 *fill*         0x200003aa        0x2 
 .bss.pcm_wRecFlags
                0x200003ac        0x4 ./FreeMaster_S32K144_2.0.0/src_common/freemaster_rec.o
                0x200003ac                pcm_wRecFlags
 .bss.pcm_wRecPostTrigger
                0x200003b0        0x2 ./FreeMaster_S32K144_2.0.0/src_common/freemaster_rec.o
                0x200003b0                pcm_wRecPostTrigger
 .bss.pcm_wRecTimeDiv
                0x200003b2        0x2 ./FreeMaster_S32K144_2.0.0/src_common/freemaster_rec.o
                0x200003b2                pcm_wRecTimeDiv
 .bss.pcm_wRecTimeDivCtr
                0x200003b4        0x2 ./FreeMaster_S32K144_2.0.0/src_common/freemaster_rec.o
                0x200003b4                pcm_wRecTimeDivCtr
 .bss.pcm_wRecTotalSmps
                0x200003b6        0x2 ./FreeMaster_S32K144_2.0.0/src_common/freemaster_rec.o
                0x200003b6                pcm_wRecTotalSmps
 .bss.pcm_wStoprecCountDown
                0x200003b8        0x2 ./FreeMaster_S32K144_2.0.0/src_common/freemaster_rec.o
                0x200003b8                pcm_wStoprecCountDown
 .bss.pcm_nScopeVarCount
                0x200003ba        0x1 ./FreeMaster_S32K144_2.0.0/src_common/freemaster_scope.o
 *fill*         0x200003bb        0x1 
 .bss.pcm_pScopeVarAddr
                0x200003bc       0x20 ./FreeMaster_S32K144_2.0.0/src_common/freemaster_scope.o
 .bss.pcm_pScopeVarSize
                0x200003dc        0x8 ./FreeMaster_S32K144_2.0.0/src_common/freemaster_scope.o
 .bss.pcm_nRxCheckSum
                0x200003e4        0x1 ./FreeMaster_S32K144_2.0.0/src_common/freemaster_serial.o
 .bss.pcm_nRxTodo
                0x200003e5        0x1 ./FreeMaster_S32K144_2.0.0/src_common/freemaster_serial.o
 .bss.pcm_nTxTodo
                0x200003e6        0x1 ./FreeMaster_S32K144_2.0.0/src_common/freemaster_serial.o
 *fill*         0x200003e7        0x1 
 .bss.pcm_pCommBuffer
                0x200003e8       0x3f ./FreeMaster_S32K144_2.0.0/src_common/freemaster_serial.o
 *fill*         0x20000427        0x1 
 .bss.pcm_pRQueueBuffer
                0x20000428       0x20 ./FreeMaster_S32K144_2.0.0/src_common/freemaster_serial.o
 .bss.pcm_pRQueueRP
                0x20000448        0x4 ./FreeMaster_S32K144_2.0.0/src_common/freemaster_serial.o
 .bss.pcm_pRQueueWP
                0x2000044c        0x4 ./FreeMaster_S32K144_2.0.0/src_common/freemaster_serial.o
 .bss.pcm_pRxBuff
                0x20000450        0x4 ./FreeMaster_S32K144_2.0.0/src_common/freemaster_serial.o
 .bss.pcm_pTxBuff
                0x20000454        0x4 ./FreeMaster_S32K144_2.0.0/src_common/freemaster_serial.o
 .bss.pcm_wFlags
                0x20000458        0x4 ./FreeMaster_S32K144_2.0.0/src_common/freemaster_serial.o
 .bss.pcm_bNextAddrIsEx
                0x2000045c        0x1 ./FreeMaster_S32K144_2.0.0/src_platforms/S32xx/freemaster_S32xx.o
 *fill*         0x2000045d        0x3 
 .bss.g_RtcClkInFreq
                0x20000460        0x4 ./SDK/S32K144_SDK_4.0.1/platform/drivers/src/clock/S32K1xx/clock_S32K1xx.o
                0x20000460                g_RtcClkInFreq
 .bss.g_TClkFreq
                0x20000464        0xc ./SDK/S32K144_SDK_4.0.1/platform/drivers/src/clock/S32K1xx/clock_S32K1xx.o
                0x20000464                g_TClkFreq
 .bss.g_clockState
                0x20000470       0x10 ./SDK/S32K144_SDK_4.0.1/platform/drivers/src/clock/S32K1xx/clock_S32K1xx.o
 .bss.g_xtal0ClkFreq
                0x20000480        0x4 ./SDK/S32K144_SDK_4.0.1/platform/drivers/src/clock/S32K1xx/clock_S32K1xx.o
                0x20000480                g_xtal0ClkFreq
 .bss.g_interruptDisableCount
                0x20000484        0x4 ./SDK/S32K144_SDK_4.0.1/platform/drivers/src/interrupt/interrupt_manager.o
 .bss.s_virtEdmaState
                0x20000488        0x4 ./SDK/platform/drivers/src/edma/edma_driver.o
 .bss.ftmStatePtr
                0x2000048c       0x10 ./SDK/platform/drivers/src/ftm/ftm_common.o
                0x2000048c                ftmStatePtr
 .bss.s_lpitSourceClockFrequency
                0x2000049c        0x4 ./SDK/platform/drivers/src/lpit/lpit_driver.o
 .bss.g_lpspiStatePtr
                0x200004a0        0xc ./SDK/platform/drivers/src/lpspi/lpspi_shared_function.o
                0x200004a0                g_lpspiStatePtr
 .bss.s_lpuartStatePtr
                0x200004ac        0xc ./SDK/platform/drivers/src/lpuart/lpuart_driver.o
 .bss.changeClkVlp
                0x200004b8        0x1 ./SDK/platform/drivers/src/power/S32K1xx/power_manager_S32K1xx.o
 .bss.enableFIRC
                0x200004b9        0x1 ./SDK/platform/drivers/src/power/S32K1xx/power_manager_S32K1xx.o
 .bss.enableSOSC
                0x200004ba        0x1 ./SDK/platform/drivers/src/power/S32K1xx/power_manager_S32K1xx.o
 .bss.enableSPLL
                0x200004bb        0x1 ./SDK/platform/drivers/src/power/S32K1xx/power_manager_S32K1xx.o
 .bss.gPowerManagerState
                0x200004bc       0x10 ./SDK/platform/drivers/src/power/S32K1xx/power_manager_S32K1xx.o
                0x200004bc                gPowerManagerState
 .bss.sysClkConfig
                0x200004cc        0x8 ./SDK/platform/drivers/src/power/S32K1xx/power_manager_S32K1xx.o
 .bss.s_osif_tick_cnt
                0x200004d4        0x4 ./SDK/rtos/osif/osif_baremetal.o
 .bss.g_clockManCallbacksArr
                0x200004d8        0x4 ./board/clock_config.o
                0x200004d8                g_clockManCallbacksArr
 .bss.flexTimer_pwm3_FaultConfig
                0x200004dc       0x10 ./board/peripherals_flexTimer_pwm3.o
                0x200004dc                flexTimer_pwm3_FaultConfig
 .bss.lpuart1_State
                0x200004ec       0x34 ./board/peripherals_lpuart1.o
                0x200004ec                lpuart1_State
 .bss.powerStaticCallbacksConfigsArr
                0x20000520        0x4 ./board/pwrMan1.o
                0x20000520                powerStaticCallbacksConfigsArr
 .bss.g_lpspiState
                0x20000524       0x34 ./src/GD3000/aml/spi_aml/spi_aml.o
                0x20000524                g_lpspiState
 .bss.stateIc1  0x20000558       0x64 ./src/Peripherals/peripherals_config.o
                0x20000558                stateIc1
 .bss.statePwm3
                0x200005bc       0x64 ./src/Peripherals/peripherals_config.o
                0x200005bc                statePwm3
 .bss.ADCResults
                0x20000620       0x14 ./src/main.o
                0x20000620                ADCResults
 .bss.Idcb_calib
                0x20000634        0x8 ./src/main.o
                0x20000634                Idcb_calib
 .bss.Idcb_filt
                0x2000063c        0x8 ./src/main.o
                0x2000063c                Idcb_filt
 .bss.NextCmtPeriod
                0x20000644        0x2 ./src/main.o
                0x20000644                NextCmtPeriod
 .bss.NextCmtSector
                0x20000646        0x1 ./src/main.o
                0x20000646                NextCmtSector
 *fill*         0x20000647        0x1 
 .bss.SensorHall
                0x20000648       0x14 ./src/main.o
                0x20000648                SensorHall
 .bss.Udcb_filt
                0x2000065c        0x8 ./src/main.o
                0x2000065c                Udcb_filt
 .bss.actualSpeed
                0x20000664        0x4 ./src/main.o
                0x20000664                actualSpeed
 .bss.advanceAngle
                0x20000668        0x2 ./src/main.o
                0x20000668                advanceAngle
 .bss.alignmentTimer
                0x2000066a        0x2 ./src/main.o
                0x2000066a                alignmentTimer
 .bss.appState  0x2000066c        0x1 ./src/main.o
                0x2000066c                appState
 .bss.appSwitchState
                0x2000066d        0x1 ./src/main.o
                0x2000066d                appSwitchState
 *fill*         0x2000066e        0x2 
 .bss.bemfVoltage
                0x20000670        0x4 ./src/main.o
                0x20000670                bemfVoltage
 .bss.calibTimer
                0x20000674        0x2 ./src/main.o